Archive member included to satisfy reference by file (symbol)

C:/ST/STM32CubeIDE_1.19.0/STM32CubeIDE/plugins/com.st.stm32cube.ide.mcu.externaltools.gnu-tools-for-stm32.13.3.rel1.win32_1.0.0.202411081344/tools/bin/../lib/gcc/arm-none-eabi/13.3.1/../../../../arm-none-eabi/lib/thumb/v7e-m+fp/hard\libc_nano.a(libc_a-exit.o)
                              C:/ST/STM32CubeIDE_1.19.0/STM32CubeIDE/plugins/com.st.stm32cube.ide.mcu.externaltools.gnu-tools-for-stm32.13.3.rel1.win32_1.0.0.202411081344/tools/bin/../lib/gcc/arm-none-eabi/13.3.1/../../../../arm-none-eabi/lib/thumb/v7e-m+fp/hard/crt0.o (exit)
C:/ST/STM32CubeIDE_1.19.0/STM32CubeIDE/plugins/com.st.stm32cube.ide.mcu.externaltools.gnu-tools-for-stm32.13.3.rel1.win32_1.0.0.202411081344/tools/bin/../lib/gcc/arm-none-eabi/13.3.1/../../../../arm-none-eabi/lib/thumb/v7e-m+fp/hard\libc_nano.a(libc_a-findfp.o)
                              C:/ST/STM32CubeIDE_1.19.0/STM32CubeIDE/plugins/com.st.stm32cube.ide.mcu.externaltools.gnu-tools-for-stm32.13.3.rel1.win32_1.0.0.202411081344/tools/bin/../lib/gcc/arm-none-eabi/13.3.1/../../../../arm-none-eabi/lib/thumb/v7e-m+fp/hard\libc_nano.a(libc_a-exit.o) (__stdio_exit_handler)
C:/ST/STM32CubeIDE_1.19.0/STM32CubeIDE/plugins/com.st.stm32cube.ide.mcu.externaltools.gnu-tools-for-stm32.13.3.rel1.win32_1.0.0.202411081344/tools/bin/../lib/gcc/arm-none-eabi/13.3.1/../../../../arm-none-eabi/lib/thumb/v7e-m+fp/hard\libc_nano.a(libc_a-fwalk.o)
                              C:/ST/STM32CubeIDE_1.19.0/STM32CubeIDE/plugins/com.st.stm32cube.ide.mcu.externaltools.gnu-tools-for-stm32.13.3.rel1.win32_1.0.0.202411081344/tools/bin/../lib/gcc/arm-none-eabi/13.3.1/../../../../arm-none-eabi/lib/thumb/v7e-m+fp/hard\libc_nano.a(libc_a-findfp.o) (_fwalk_sglue)
C:/ST/STM32CubeIDE_1.19.0/STM32CubeIDE/plugins/com.st.stm32cube.ide.mcu.externaltools.gnu-tools-for-stm32.13.3.rel1.win32_1.0.0.202411081344/tools/bin/../lib/gcc/arm-none-eabi/13.3.1/../../../../arm-none-eabi/lib/thumb/v7e-m+fp/hard\libc_nano.a(libc_a-stdio.o)
                              C:/ST/STM32CubeIDE_1.19.0/STM32CubeIDE/plugins/com.st.stm32cube.ide.mcu.externaltools.gnu-tools-for-stm32.13.3.rel1.win32_1.0.0.202411081344/tools/bin/../lib/gcc/arm-none-eabi/13.3.1/../../../../arm-none-eabi/lib/thumb/v7e-m+fp/hard\libc_nano.a(libc_a-findfp.o) (__sread)
C:/ST/STM32CubeIDE_1.19.0/STM32CubeIDE/plugins/com.st.stm32cube.ide.mcu.externaltools.gnu-tools-for-stm32.13.3.rel1.win32_1.0.0.202411081344/tools/bin/../lib/gcc/arm-none-eabi/13.3.1/../../../../arm-none-eabi/lib/thumb/v7e-m+fp/hard\libc_nano.a(libc_a-memset.o)
                              C:/ST/STM32CubeIDE_1.19.0/STM32CubeIDE/plugins/com.st.stm32cube.ide.mcu.externaltools.gnu-tools-for-stm32.13.3.rel1.win32_1.0.0.202411081344/tools/bin/../lib/gcc/arm-none-eabi/13.3.1/../../../../arm-none-eabi/lib/thumb/v7e-m+fp/hard/crt0.o (memset)
C:/ST/STM32CubeIDE_1.19.0/STM32CubeIDE/plugins/com.st.stm32cube.ide.mcu.externaltools.gnu-tools-for-stm32.13.3.rel1.win32_1.0.0.202411081344/tools/bin/../lib/gcc/arm-none-eabi/13.3.1/../../../../arm-none-eabi/lib/thumb/v7e-m+fp/hard\libc_nano.a(libc_a-closer.o)
                              C:/ST/STM32CubeIDE_1.19.0/STM32CubeIDE/plugins/com.st.stm32cube.ide.mcu.externaltools.gnu-tools-for-stm32.13.3.rel1.win32_1.0.0.202411081344/tools/bin/../lib/gcc/arm-none-eabi/13.3.1/../../../../arm-none-eabi/lib/thumb/v7e-m+fp/hard\libc_nano.a(libc_a-stdio.o) (_close_r)
C:/ST/STM32CubeIDE_1.19.0/STM32CubeIDE/plugins/com.st.stm32cube.ide.mcu.externaltools.gnu-tools-for-stm32.13.3.rel1.win32_1.0.0.202411081344/tools/bin/../lib/gcc/arm-none-eabi/13.3.1/../../../../arm-none-eabi/lib/thumb/v7e-m+fp/hard\libc_nano.a(libc_a-reent.o)
                              C:/ST/STM32CubeIDE_1.19.0/STM32CubeIDE/plugins/com.st.stm32cube.ide.mcu.externaltools.gnu-tools-for-stm32.13.3.rel1.win32_1.0.0.202411081344/tools/bin/../lib/gcc/arm-none-eabi/13.3.1/../../../../arm-none-eabi/lib/thumb/v7e-m+fp/hard\libc_nano.a(libc_a-closer.o) (errno)
C:/ST/STM32CubeIDE_1.19.0/STM32CubeIDE/plugins/com.st.stm32cube.ide.mcu.externaltools.gnu-tools-for-stm32.13.3.rel1.win32_1.0.0.202411081344/tools/bin/../lib/gcc/arm-none-eabi/13.3.1/../../../../arm-none-eabi/lib/thumb/v7e-m+fp/hard\libc_nano.a(libc_a-impure.o)
                              C:/ST/STM32CubeIDE_1.19.0/STM32CubeIDE/plugins/com.st.stm32cube.ide.mcu.externaltools.gnu-tools-for-stm32.13.3.rel1.win32_1.0.0.202411081344/tools/bin/../lib/gcc/arm-none-eabi/13.3.1/../../../../arm-none-eabi/lib/thumb/v7e-m+fp/hard\libc_nano.a(libc_a-reent.o) (_impure_ptr)
C:/ST/STM32CubeIDE_1.19.0/STM32CubeIDE/plugins/com.st.stm32cube.ide.mcu.externaltools.gnu-tools-for-stm32.13.3.rel1.win32_1.0.0.202411081344/tools/bin/../lib/gcc/arm-none-eabi/13.3.1/../../../../arm-none-eabi/lib/thumb/v7e-m+fp/hard\libc_nano.a(libc_a-lseekr.o)
[...]
Memory Configuration

Name             Origin             Length             Attributes
RAM              0x20000000         0x00020000         xrw
FLASH            0x08000000         0x00080000         xr
*default*        0x00000000         0xffffffff

Linker script and memory map

LOAD C:/ST/STM32CubeIDE_1.19.0/STM32CubeIDE/plugins/com.st.stm32cube.ide.mcu.externaltools.gnu-tools-for-stm32.13.3.rel1.win32_1.0.0.202411081344/tools/bin/../lib/gcc/arm-none-eabi/13.3.1/thumb/v7e-m+fp/hard/crti.o
LOAD C:/ST/STM32CubeIDE_1.19.0/STM32CubeIDE/plugins/com.st.stm32cube.ide.mcu.externaltools.gnu-tools-for-stm32.13.3.rel1.win32_1.0.0.202411081344/tools/bin/../lib/gcc/arm-none-eabi/13.3.1/thumb/v7e-m+fp/hard/crtbegin.o
LOAD C:/ST/STM32CubeIDE_1.19.0/STM32CubeIDE/plugins/com.st.stm32cube.ide.mcu.externaltools.gnu-tools-for-stm32.13.3.rel1.win32_1.0.0.202411081344/tools/bin/../lib/gcc/arm-none-eabi/13.3.1/../../../../arm-none-eabi/lib/thumb/v7e-m+fp/hard/crt0.o
LOAD ./Core/Src/Ultrasonic.o
LOAD ./Core/Src/dma.o
LOAD ./Core/Src/gpio.o
LOAD ./Core/Src/kalman_filter.o
LOAD ./Core/Src/main.o
LOAD ./Core/Src/stm32g4xx_hal_msp.o
LOAD ./Core/Src/stm32g4xx_it.o
LOAD ./Core/Src/syscalls.o
LOAD ./Core/Src/sysmem.o
LOAD ./Core/Src/system_stm32g4xx.o
LOAD ./Core/Src/tim.o
LOAD ./Core/Src/usart.o
LOAD ./Core/Startup/startup_stm32g474retx.o
LOAD ./Drivers/STM32G4xx_HAL_Driver/Src/stm32g4xx_hal.o
LOAD ./Drivers/STM32G4xx_HAL_Driver/Src/stm32g4xx_hal_cortex.o
LOAD ./Drivers/STM32G4xx_HAL_Driver/Src/stm32g4xx_hal_dma.o
LOAD ./Drivers/STM32G4xx_HAL_Driver/Src/stm32g4xx_hal_dma_ex.o
LOAD ./Drivers/STM32G4xx_HAL_Driver/Src/stm32g4xx_hal_exti.o
LOAD ./Drivers/STM32G4xx_HAL_Driver/Src/stm32g4xx_hal_flash.o
LOAD ./Drivers/STM32G4xx_HAL_Driver/Src/stm32g4xx_hal_flash_ex.o
LOAD ./Drivers/STM32G4xx_HAL_Driver/Src/stm32g4xx_hal_flash_ramfunc.o
LOAD ./Drivers/STM32G4xx_HAL_Driver/Src/stm32g4xx_hal_gpio.o
LOAD ./Drivers/STM32G4xx_HAL_Driver/Src/stm32g4xx_hal_pwr.o
LOAD ./Drivers/STM32G4xx_HAL_Driver/Src/stm32g4xx_hal_pwr_ex.o
LOAD ./Drivers/STM32G4xx_HAL_Driver/Src/stm32g4xx_hal_rcc.o
LOAD ./Drivers/STM32G4xx_HAL_Driver/Src/stm32g4xx_hal_rcc_ex.o
LOAD ./Drivers/STM32G4xx_HAL_Driver/Src/stm32g4xx_hal_tim.o
LOAD ./Drivers/STM32G4xx_HAL_Driver/Src/stm32g4xx_hal_tim_ex.o
LOAD ./Drivers/STM32G4xx_HAL_Driver/Src/stm32g4xx_hal_uart.o
LOAD ./Drivers/STM32G4xx_HAL_Driver/Src/stm32g4xx_hal_uart_ex.o
START GROUP
LOAD C:/ST/STM32CubeIDE_1.19.0/STM32CubeIDE/plugins/com.st.stm32cube.ide.mcu.externaltools.gnu-tools-for-stm32.13.3.rel1.win32_1.0.0.202411081344/tools/bin/../lib/gcc/arm-none-eabi/13.3.1/../../../../arm-none-eabi/lib/thumb/v7e-m+fp/hard\libc_nano.a
LOAD C:/ST/STM32CubeIDE_1.19.0/STM32CubeIDE/plugins/com.st.stm32cube.ide.mcu.externaltools.gnu-tools-for-stm32.13.3.rel1.win32_1.0.0.202411081344/tools/bin/../lib/gcc/arm-none-eabi/13.3.1/../../../../arm-none-eabi/lib/thumb/v7e-m+fp/hard\libm.a
END GROUP
START GROUP
LOAD C:/ST/STM32CubeIDE_1.19.0/STM32CubeIDE/plugins/com.st.stm32cube.ide.mcu.externaltools.gnu-tools-for-stm32.13.3.rel1.win32_1.0.0.202411081344/tools/bin/../lib/gcc/arm-none-eabi/13.3.1/thumb/v7e-m+fp/hard\libgcc.a
LOAD C:/ST/STM32CubeIDE_1.19.0/STM32CubeIDE/plugins/com.st.stm32cube.ide.mcu.externaltools.gnu-tools-for-stm32.13.3.rel1.win32_1.0.0.202411081344/tools/bin/../lib/gcc/arm-none-eabi/13.3.1/../../../../arm-none-eabi/lib/thumb/v7e-m+fp/hard\libc_nano.a
END GROUP
START GROUP
LOAD C:/ST/STM32CubeIDE_1.19.0/STM32CubeIDE/plugins/com.st.stm32cube.ide.mcu.externaltools.gnu-tools-for-stm32.13.3.rel1.win32_1.0.0.202411081344/tools/bin/../lib/gcc/arm-none-eabi/13.3.1/thumb/v7e-m+fp/hard\libgcc.a
LOAD C:/ST/STM32CubeIDE_1.19.0/STM32CubeIDE/plugins/com.st.stm32cube.ide.mcu.externaltools.gnu-tools-for-stm32.13.3.rel1.win32_1.0.0.202411081344/tools/bin/../lib/gcc/arm-none-eabi/13.3.1/../../../../arm-none-eabi/lib/thumb/v7e-m+fp/hard\libc_nano.a
LOAD C:/ST/STM32CubeIDE_1.19.0/STM32CubeIDE/plugins/com.st.stm32cube.ide.mcu.externaltools.gnu-tools-for-stm32.13.3.rel1.win32_1.0.0.202411081344/tools/bin/../lib/gcc/arm-none-eabi/13.3.1/../../../../arm-none-eabi/lib/thumb/v7e-m+fp/hard\libnosys.a
END GROUP
START GROUP
LOAD C:/ST/STM32CubeIDE_1.19.0/STM32CubeIDE/plugins/com.st.stm32cube.ide.mcu.externaltools.gnu-tools-for-stm32.13.3.rel1.win32_1.0.0.202411081344/tools/bin/../lib/gcc/arm-none-eabi/13.3.1/thumb/v7e-m+fp/hard\libgcc.a
LOAD C:/ST/STM32CubeIDE_1.19.0/STM32CubeIDE/plugins/com.st.stm32cube.ide.mcu.externaltools.gnu-tools-for-stm32.13.3.rel1.win32_1.0.0.202411081344/tools/bin/../lib/gcc/arm-none-eabi/13.3.1/../../../../arm-none-eabi/lib/thumb/v7e-m+fp/hard\libc_nano.a
LOAD C:/ST/STM32CubeIDE_1.19.0/STM32CubeIDE/plugins/com.st.stm32cube.ide.mcu.externaltools.gnu-tools-for-stm32.13.3.rel1.win32_1.0.0.202411081344/tools/bin/../lib/gcc/arm-none-eabi/13.3.1/../../../../arm-none-eabi/lib/thumb/v7e-m+fp/hard\libnosys.a
END GROUP
LOAD C:/ST/STM32CubeIDE_1.19.0/STM32CubeIDE/plugins/com.st.stm32cube.ide.mcu.externaltools.gnu-tools-for-stm32.13.3.rel1.win32_1.0.0.202411081344/tools/bin/../lib/gcc/arm-none-eabi/13.3.1/thumb/v7e-m+fp/hard/crtend.o
LOAD C:/ST/STM32CubeIDE_1.19.0/STM32CubeIDE/plugins/com.st.stm32cube.ide.mcu.externaltools.gnu-tools-for-stm32.13.3.rel1.win32_1.0.0.202411081344/tools/bin/../lib/gcc/arm-none-eabi/13.3.1/thumb/v7e-m+fp/hard/crtn.o
                0x20020000                        _estack = (ORIGIN (RAM) + LENGTH (RAM))
                0x00000200                        _Min_Heap_Size = 0x200
                0x00000400                        _Min_Stack_Size = 0x400

.isr_vector     0x08000000      0x1d8
                0x08000000                        . = ALIGN (0x4)
 *(.isr_vector)
 .isr_vector    0x08000000      0x1d8 ./Core/Startup/startup_stm32g474retx.o
                0x08000000                g_pfnVectors
                0x080001d8                        . = ALIGN (0x4)

.text           0x080001d8     0x6cb0
                0x080001d8                        . = ALIGN (0x4)
 *(.text)
 .text          0x080001d8       0x40 C:/ST/STM32CubeIDE_1.19.0/STM32CubeIDE/plugins/com.st.stm32cube.ide.mcu.externaltools.gnu-tools-for-stm32.13.3.rel1.win32_1.0.0.202411081344/tools/bin/../lib/gcc/arm-none-eabi/13.3.1/thumb/v7e-m+fp/hard/crtbegin.o
 .text          0x08000218       0x30 C:/ST/STM32CubeIDE_1.19.0/STM32CubeIDE/plugins/com.st.stm32cube.ide.mcu.externaltools.gnu-tools-for-stm32.13.3.rel1.win32_1.0.0.202411081344/tools/bin/../lib/gcc/arm-none-eabi/13.3.1/thumb/v7e-m+fp/hard\libgcc.a(_aeabi_uldivmod.o)
                0x08000218                __aeabi_uldivmod
 .text          0x08000248      0x2f8 C:/ST/STM32CubeIDE_1.19.0/STM32CubeIDE/plugins/com.st.stm32cube.ide.mcu.externaltools.gnu-tools-for-stm32.13.3.rel1.win32_1.0.0.202411081344/tools/bin/../lib/gcc/arm-none-eabi/13.3.1/thumb/v7e-m+fp/hard\libgcc.a(_udivmoddi4.o)
                0x08000248                __udivmoddi4
 .text          0x08000540        0x4 C:/ST/STM32CubeIDE_1.19.0/STM32CubeIDE/plugins/com.st.stm32cube.ide.mcu.externaltools.gnu-tools-for-stm32.13.3.rel1.win32_1.0.0.202411081344/tools/bin/../lib/gcc/arm-none-eabi/13.3.1/thumb/v7e-m+fp/hard\libgcc.a(_dvmd_tls.o)
                0x08000540                __aeabi_idiv0
                0x08000540                __aeabi_ldiv0
 *(.text*)
 .text.Ultrasonic_Init
                0x08000544       0x40 ./Core/Src/Ultrasonic.o
                0x08000544                Ultrasonic_Init
 .text.Ultrasonic_StartAutonomous
                0x08000584       0x4c ./Core/Src/Ultrasonic.o
                0x08000584                Ultrasonic_StartAutonomous
 .text.Ultrasonic_CaptureCallback
                0x080005d0       0xa4 ./Core/Src/Ultrasonic.o
                0x080005d0                Ultrasonic_CaptureCallback
 .text.MX_DMA_Init
                0x08000674       0x54 ./Core/Src/dma.o
                0x08000674                MX_DMA_Init
 .text.MX_GPIO_Init
                0x080006c8       0xdc ./Core/Src/gpio.o
                0x080006c8                MX_GPIO_Init
 .text._Kalman_ResetMatrices
                0x080007a4       0x66 ./Core/Src/kalman_filter.o
 .text.Kalman_InitZeroOrder
                0x0800080a       0x5a ./Core/Src/kalman_filter.o
                0x0800080a                Kalman_InitZeroOrder
 .text.Kalman_InitFirstOrder
                0x08000864       0x6c ./Core/Src/kalman_filter.o
                0x08000864                Kalman_InitFirstOrder
 .text.Kalman_InitMSD
                0x080008d0       0xc2 ./Core/Src/kalman_filter.o
                0x080008d0                Kalman_InitMSD
 .text.Kalman_Update
                0x08000992      0x392 ./Core/Src/kalman_filter.o
                0x08000992                Kalman_Update
 .text.main     0x08000d24      0x100 ./Core/Src/main.o
                0x08000d24                main
 .text.SystemClock_Config
                0x08000e24       0x92 ./Core/Src/main.o
                0x08000e24                SystemClock_Config
 *fill*         0x08000eb6        0x2 
 .text.HAL_TIM_PeriodElapsedCallback
                0x08000eb8       0xcc ./Core/Src/main.o
                0x08000eb8                HAL_TIM_PeriodElapsedCallback
 .text.HAL_TIM_IC_CaptureCallback
                0x08000f84       0x2c ./Core/Src/main.o
                0x08000f84                HAL_TIM_IC_CaptureCallback
 .text.Error_Handler
                0x08000fb0        0xc ./Core/Src/main.o
                0x08000fb0                Error_Handler
 .text.HAL_MspInit
                0x08000fbc       0x48 ./Core/Src/stm32g4xx_hal_msp.o
                0x08000fbc                HAL_MspInit
 .text.NMI_Handler
                0x08001004        0x8 ./Core/Src/stm32g4xx_it.o
                0x08001004                NMI_Handler
 .text.HardFault_Handler
                0x0800100c        0x8 ./Core/Src/stm32g4xx_it.o
                0x0800100c                HardFault_Handler
 .text.MemManage_Handler
                0x08001014        0x8 ./Core/Src/stm32g4xx_it.o
                0x08001014                MemManage_Handler
 .text.BusFault_Handler
                0x0800101c        0x8 ./Core/Src/stm32g4xx_it.o
                0x0800101c                BusFault_Handler
 .text.UsageFault_Handler
                0x08001024        0x8 ./Core/Src/stm32g4xx_it.o
                0x08001024                UsageFault_Handler
 .text.SVC_Handler
                0x0800102c        0xe ./Core/Src/stm32g4xx_it.o
                0x0800102c                SVC_Handler
 .text.DebugMon_Handler
                0x0800103a        0xe ./Core/Src/stm32g4xx_it.o
                0x0800103a                DebugMon_Handler
 .text.PendSV_Handler
                0x08001048        0xe ./Core/Src/stm32g4xx_it.o
                0x08001048                PendSV_Handler
 .text.SysTick_Handler
                0x08001056        0xc ./Core/Src/stm32g4xx_it.o
                0x08001056                SysTick_Handler
 *fill*         0x08001062        0x2 
 .text.DMA1_Channel1_IRQHandler
                0x08001064       0x14 ./Core/Src/stm32g4xx_it.o
                0x08001064                DMA1_Channel1_IRQHandler
 .text.TIM1_CC_IRQHandler
                0x08001078       0x14 ./Core/Src/stm32g4xx_it.o
                0x08001078                TIM1_CC_IRQHandler
 .text.TIM4_IRQHandler
                0x0800108c       0x14 ./Core/Src/stm32g4xx_it.o
                0x0800108c                TIM4_IRQHandler
 .text.EXTI15_10_IRQHandler
                0x080010a0       0x10 ./Core/Src/stm32g4xx_it.o
                0x080010a0                EXTI15_10_IRQHandler
 .text.LPUART1_IRQHandler
                0x080010b0       0x14 ./Core/Src/stm32g4xx_it.o
                0x080010b0                LPUART1_IRQHandler
 .text.SystemInit
                0x080010c4       0x24 ./Core/Src/system_stm32g4xx.o
                0x080010c4                SystemInit
 .text.MX_TIM1_Init
                0x080010e8      0x10c ./Core/Src/tim.o
                0x080010e8                MX_TIM1_Init
 .text.MX_TIM3_Init
                0x080011f4       0xf0 ./Core/Src/tim.o
                0x080011f4                MX_TIM3_Init
 .text.MX_TIM4_Init
                0x080012e4       0x9c ./Core/Src/tim.o
                0x080012e4                MX_TIM4_Init
 .text.HAL_TIM_IC_MspInit
                0x08001380       0x98 ./Core/Src/tim.o
                0x08001380                HAL_TIM_IC_MspInit
 .text.HAL_TIM_Base_MspInit
                0x08001418       0x74 ./Core/Src/tim.o
                0x08001418                HAL_TIM_Base_MspInit
 .text.HAL_TIM_MspPostInit
                0x0800148c       0x6c ./Core/Src/tim.o
                0x0800148c                HAL_TIM_MspPostInit
 .text.MX_LPUART1_UART_Init
                0x080014f8       0x94 ./Core/Src/usart.o
                0x080014f8                MX_LPUART1_UART_Init
 .text.HAL_UART_MspInit
                0x0800158c      0x11c ./Core/Src/usart.o
                0x0800158c                HAL_UART_MspInit
 .text.Reset_Handler
                0x080016a8       0x50 ./Core/Startup/startup_stm32g474retx.o
                0x080016a8                Reset_Handler
 .text.Default_Handler
                0x080016f8        0x2 ./Core/Startup/startup_stm32g474retx.o
                0x080016f8                RTC_Alarm_IRQHandler
                0x080016f8                EXTI2_IRQHandler
                0x080016f8                TIM8_TRG_COM_IRQHandler
                0x080016f8                TIM8_CC_IRQHandler
                0x080016f8                HRTIM1_Master_IRQHandler
                0x080016f8                SPI4_IRQHandler
                0x080016f8                FDCAN3_IT0_IRQHandler
                0x080016f8                HRTIM1_FLT_IRQHandler
                0x080016f8                HRTIM1_TIMF_IRQHandler
                0x080016f8                USB_HP_IRQHandler
                0x080016f8                CORDIC_IRQHandler
                0x080016f8                HRTIM1_TIMD_IRQHandler
                0x080016f8                DMA2_Channel8_IRQHandler
                0x080016f8                EXTI3_IRQHandler
                0x080016f8                I2C3_ER_IRQHandler
                0x080016f8                EXTI0_IRQHandler
                0x080016f8                I2C2_EV_IRQHandler
                0x080016f8                FPU_IRQHandler
                0x080016f8                FDCAN1_IT1_IRQHandler
                0x080016f8                TIM1_UP_TIM16_IRQHandler
                0x080016f8                ADC1_2_IRQHandler
                0x080016f8                HRTIM1_TIME_IRQHandler
                0x080016f8                SPI1_IRQHandler
                0x080016f8                TIM6_DAC_IRQHandler
                0x080016f8                HRTIM1_TIMC_IRQHandler
                0x080016f8                TIM8_UP_IRQHandler
                0x080016f8                DMA2_Channel2_IRQHandler
                0x080016f8                DMA1_Channel4_IRQHandler
                0x080016f8                TIM20_TRG_COM_IRQHandler
                0x080016f8                USART3_IRQHandler
                0x080016f8                DMA1_Channel7_IRQHandler
                0x080016f8                UART5_IRQHandler
                0x080016f8                ADC3_IRQHandler
                0x080016f8                DMA2_Channel1_IRQHandler
                0x080016f8                QUADSPI_IRQHandler
                0x080016f8                I2C1_EV_IRQHandler
                0x080016f8                DMA1_Channel6_IRQHandler
                0x080016f8                UART4_IRQHandler
                0x080016f8                DMA2_Channel4_IRQHandler
                0x080016f8                TIM3_IRQHandler
                0x080016f8                RCC_IRQHandler
                0x080016f8                TIM20_UP_IRQHandler
                0x080016f8                Default_Handler
                0x080016f8                DMA2_Channel7_IRQHandler
                0x080016f8                RTC_TAMP_LSECSS_IRQHandler
                0x080016f8                FMAC_IRQHandler
                0x080016f8                DMA1_Channel8_IRQHandler
                0x080016f8                HRTIM1_TIMA_IRQHandler
                0x080016f8                TIM7_DAC_IRQHandler
                0x080016f8                FDCAN3_IT1_IRQHandler
                0x080016f8                TIM5_IRQHandler
                0x080016f8                UCPD1_IRQHandler
                0x080016f8                I2C3_EV_IRQHandler
                0x080016f8                EXTI9_5_IRQHandler
                0x080016f8                RTC_WKUP_IRQHandler
                0x080016f8                PVD_PVM_IRQHandler
                0x080016f8                SPI2_IRQHandler
                0x080016f8                ADC5_IRQHandler
                0x080016f8                DMA2_Channel5_IRQHandler
                0x080016f8                CRS_IRQHandler
                0x080016f8                DMA1_Channel5_IRQHandler
                0x080016f8                USB_LP_IRQHandler
                0x080016f8                EXTI4_IRQHandler
                0x080016f8                RNG_IRQHandler
                0x080016f8                HRTIM1_TIMB_IRQHandler
                0x080016f8                TIM1_TRG_COM_TIM17_IRQHandler
                0x080016f8                FDCAN2_IT1_IRQHandler
                0x080016f8                DMA1_Channel3_IRQHandler
                0x080016f8                ADC4_IRQHandler
                0x080016f8                WWDG_IRQHandler
                0x080016f8                I2C4_EV_IRQHandler
                0x080016f8                FDCAN2_IT0_IRQHandler
                0x080016f8                DMA2_Channel6_IRQHandler
                0x080016f8                FDCAN1_IT0_IRQHandler
                0x080016f8                TIM2_IRQHandler
                0x080016f8                COMP7_IRQHandler
                0x080016f8                COMP1_2_3_IRQHandler
                0x080016f8                EXTI1_IRQHandler
                0x080016f8                USART2_IRQHandler
                0x080016f8                COMP4_5_6_IRQHandler
                0x080016f8                TIM20_BRK_IRQHandler
                0x080016f8                I2C2_ER_IRQHandler
                0x080016f8                DMA1_Channel2_IRQHandler
                0x080016f8                TIM8_BRK_IRQHandler
                0x080016f8                FLASH_IRQHandler
                0x080016f8                TIM20_CC_IRQHandler
                0x080016f8                USART1_IRQHandler
                0x080016f8                SPI3_IRQHandler
                0x080016f8                I2C1_ER_IRQHandler
                0x080016f8                FMC_IRQHandler
                0x080016f8                LPTIM1_IRQHandler
                0x080016f8                DMAMUX_OVR_IRQHandler
                0x080016f8                I2C4_ER_IRQHandler
                0x080016f8                USBWakeUp_IRQHandler
                0x080016f8                SAI1_IRQHandler
                0x080016f8                DMA2_Channel3_IRQHandler
                0x080016f8                TIM1_BRK_TIM15_IRQHandler
 .text.HAL_Init
                0x080016fa       0x30 ./Drivers/STM32G4xx_HAL_Driver/Src/stm32g4xx_hal.o
                0x080016fa                HAL_Init
 *fill*         0x0800172a        0x2 
 .text.HAL_InitTick
                0x0800172c       0x74 ./Drivers/STM32G4xx_HAL_Driver/Src/stm32g4xx_hal.o
                0x0800172c                HAL_InitTick
 .text.HAL_IncTick
                0x080017a0       0x24 ./Drivers/STM32G4xx_HAL_Driver/Src/stm32g4xx_hal.o
                0x080017a0                HAL_IncTick
 .text.HAL_GetTick
                0x080017c4       0x18 ./Drivers/STM32G4xx_HAL_Driver/Src/stm32g4xx_hal.o
                0x080017c4                HAL_GetTick
 .text.__NVIC_SetPriorityGrouping
                0x080017dc       0x48 ./Drivers/STM32G4xx_HAL_Driver/Src/stm32g4xx_hal_cortex.o
 .text.__NVIC_GetPriorityGrouping
                0x08001824       0x1c ./Drivers/STM32G4xx_HAL_Driver/Src/stm32g4xx_hal_cortex.o
 .text.__NVIC_EnableIRQ
                0x08001840       0x3c ./Drivers/STM32G4xx_HAL_Driver/Src/stm32g4xx_hal_cortex.o
 .text.__NVIC_SetPriority
                0x0800187c       0x54 ./Drivers/STM32G4xx_HAL_Driver/Src/stm32g4xx_hal_cortex.o
 .text.NVIC_EncodePriority
                0x080018d0       0x66 ./Drivers/STM32G4xx_HAL_Driver/Src/stm32g4xx_hal_cortex.o
 *fill*         0x08001936        0x2 
 .text.SysTick_Config
                0x08001938       0x44 ./Drivers/STM32G4xx_HAL_Driver/Src/stm32g4xx_hal_cortex.o
 .text.HAL_NVIC_SetPriorityGrouping
                0x0800197c       0x16 ./Drivers/STM32G4xx_HAL_Driver/Src/stm32g4xx_hal_cortex.o
                0x0800197c                HAL_NVIC_SetPriorityGrouping
 .text.HAL_NVIC_SetPriority
                0x08001992       0x34 ./Drivers/STM32G4xx_HAL_Driver/Src/stm32g4xx_hal_cortex.o
                0x08001992                HAL_NVIC_SetPriority
 .text.HAL_NVIC_EnableIRQ
                0x080019c6       0x1c ./Drivers/STM32G4xx_HAL_Driver/Src/stm32g4xx_hal_cortex.o
                0x080019c6                HAL_NVIC_EnableIRQ
 .text.HAL_SYSTICK_Config
                0x080019e2       0x18 ./Drivers/STM32G4xx_HAL_Driver/Src/stm32g4xx_hal_cortex.o
                0x080019e2                HAL_SYSTICK_Config
 *fill*         0x080019fa        0x2 
 .text.HAL_DMA_Init
                0x080019fc      0x150 ./Drivers/STM32G4xx_HAL_Driver/Src/stm32g4xx_hal_dma.o
                0x080019fc                HAL_DMA_Init
 .text.HAL_DMA_Start_IT
                0x08001b4c       0xf6 ./Drivers/STM32G4xx_HAL_Driver/Src/stm32g4xx_hal_dma.o
                0x08001b4c                HAL_DMA_Start_IT
 .text.HAL_DMA_Abort
                0x08001c42       0xbc ./Drivers/STM32G4xx_HAL_Driver/Src/stm32g4xx_hal_dma.o
                0x08001c42                HAL_DMA_Abort
 .text.HAL_DMA_Abort_IT
                0x08001cfe       0xce ./Drivers/STM32G4xx_HAL_Driver/Src/stm32g4xx_hal_dma.o
                0x08001cfe                HAL_DMA_Abort_IT
 .text.HAL_DMA_IRQHandler
                0x08001dcc      0x15e ./Drivers/STM32G4xx_HAL_Driver/Src/stm32g4xx_hal_dma.o
                0x08001dcc                HAL_DMA_IRQHandler
 .text.DMA_SetConfig
                0x08001f2a       0x7c ./Drivers/STM32G4xx_HAL_Driver/Src/stm32g4xx_hal_dma.o
 *fill*         0x08001fa6        0x2 
 .text.DMA_CalcDMAMUXChannelBaseAndMask
                0x08001fa8       0x90 ./Drivers/STM32G4xx_HAL_Driver/Src/stm32g4xx_hal_dma.o
 .text.DMA_CalcDMAMUXRequestGenBaseAndMask
                0x08002038       0x4c ./Drivers/STM32G4xx_HAL_Driver/Src/stm32g4xx_hal_dma.o
 .text.HAL_GPIO_Init
                0x08002084      0x318 ./Drivers/STM32G4xx_HAL_Driver/Src/stm32g4xx_hal_gpio.o
                0x08002084                HAL_GPIO_Init
 .text.HAL_GPIO_WritePin
                0x0800239c       0x30 ./Drivers/STM32G4xx_HAL_Driver/Src/stm32g4xx_hal_gpio.o
                0x0800239c                HAL_GPIO_WritePin
 .text.HAL_GPIO_EXTI_IRQHandler
                0x080023cc       0x30 ./Drivers/STM32G4xx_HAL_Driver/Src/stm32g4xx_hal_gpio.o
                0x080023cc                HAL_GPIO_EXTI_IRQHandler
 .text.HAL_GPIO_EXTI_Callback
                0x080023fc       0x16 ./Drivers/STM32G4xx_HAL_Driver/Src/stm32g4xx_hal_gpio.o
                0x080023fc                HAL_GPIO_EXTI_Callback
 *fill*         0x08002412        0x2 
 .text.HAL_PWREx_ControlVoltageScaling
                0x08002414      0x148 ./Drivers/STM32G4xx_HAL_Driver/Src/stm32g4xx_hal_pwr_ex.o
                0x08002414                HAL_PWREx_ControlVoltageScaling
 .text.HAL_PWREx_DisableUCPDDeadBattery
                0x0800255c       0x20 ./Drivers/STM32G4xx_HAL_Driver/Src/stm32g4xx_hal_pwr_ex.o
                0x0800255c                HAL_PWREx_DisableUCPDDeadBattery
 .text.HAL_RCC_OscConfig
                0x0800257c      0x624 ./Drivers/STM32G4xx_HAL_Driver/Src/stm32g4xx_hal_rcc.o
                0x0800257c                HAL_RCC_OscConfig
 .text.HAL_RCC_ClockConfig
                0x08002ba0      0x278 ./Drivers/STM32G4xx_HAL_Driver/Src/stm32g4xx_hal_rcc.o
                0x08002ba0                HAL_RCC_ClockConfig
 .text.HAL_RCC_GetSysClockFreq
                0x08002e18       0xc4 ./Drivers/STM32G4xx_HAL_Driver/Src/stm32g4xx_hal_rcc.o
                0x08002e18                HAL_RCC_GetSysClockFreq
 .text.HAL_RCC_GetHCLKFreq
                0x08002edc       0x18 ./Drivers/STM32G4xx_HAL_Driver/Src/stm32g4xx_hal_rcc.o
                0x08002edc                HAL_RCC_GetHCLKFreq
 .text.HAL_RCC_GetPCLK1Freq
                0x08002ef4       0x2c ./Drivers/STM32G4xx_HAL_Driver/Src/stm32g4xx_hal_rcc.o
                0x08002ef4                HAL_RCC_GetPCLK1Freq
 .text.HAL_RCC_GetPCLK2Freq
                0x08002f20       0x2c ./Drivers/STM32G4xx_HAL_Driver/Src/stm32g4xx_hal_rcc.o
                0x08002f20                HAL_RCC_GetPCLK2Freq
 .text.RCC_GetSysClockFreqFromPLLSource
                0x08002f4c       0x8c ./Drivers/STM32G4xx_HAL_Driver/Src/stm32g4xx_hal_rcc.o
 .text.HAL_RCCEx_PeriphCLKConfig
                0x08002fd8      0x49c ./Drivers/STM32G4xx_HAL_Driver/Src/stm32g4xx_hal_rcc_ex.o
                0x08002fd8                HAL_RCCEx_PeriphCLKConfig
 .text.HAL_TIM_Base_Init
                0x08003474       0xae ./Drivers/STM32G4xx_HAL_Driver/Src/stm32g4xx_hal_tim.o
                0x08003474                HAL_TIM_Base_Init
 *fill*         0x08003522        0x2 
 .text.HAL_TIM_Base_Start
                0x08003524       0xe0 ./Drivers/STM32G4xx_HAL_Driver/Src/stm32g4xx_hal_tim.o
                0x08003524                HAL_TIM_Base_Start
 .text.HAL_TIM_Base_Start_IT
                0x08003604       0xf0 ./Drivers/STM32G4xx_HAL_Driver/Src/stm32g4xx_hal_tim.o
                0x08003604                HAL_TIM_Base_Start_IT
 .text.HAL_TIM_PWM_Init
                0x080036f4       0xae ./Drivers/STM32G4xx_HAL_Driver/Src/stm32g4xx_hal_tim.o
                0x080036f4                HAL_TIM_PWM_Init
 .text.HAL_TIM_PWM_MspInit
                0x080037a2       0x14 ./Drivers/STM32G4xx_HAL_Driver/Src/stm32g4xx_hal_tim.o
                0x080037a2                HAL_TIM_PWM_MspInit
 *fill*         0x080037b6        0x2 
 .text.HAL_TIM_PWM_Start
                0x080037b8      0x224 ./Drivers/STM32G4xx_HAL_Driver/Src/stm32g4xx_hal_tim.o
                0x080037b8                HAL_TIM_PWM_Start
 .text.HAL_TIM_IC_Init
                0x080039dc       0xae ./Drivers/STM32G4xx_HAL_Driver/Src/stm32g4xx_hal_tim.o
                0x080039dc                HAL_TIM_IC_Init
 *fill*         0x08003a8a        0x2 
 .text.HAL_TIM_IC_Start_IT
                0x08003a8c      0x2a0 ./Drivers/STM32G4xx_HAL_Driver/Src/stm32g4xx_hal_tim.o
                0x08003a8c                HAL_TIM_IC_Start_IT
 .text.HAL_TIM_IRQHandler
                0x08003d2c      0x29e ./Drivers/STM32G4xx_HAL_Driver/Src/stm32g4xx_hal_tim.o
                0x08003d2c                HAL_TIM_IRQHandler
 .text.HAL_TIM_IC_ConfigChannel
                0x08003fca      0x138 ./Drivers/STM32G4xx_HAL_Driver/Src/stm32g4xx_hal_tim.o
                0x08003fca                HAL_TIM_IC_ConfigChannel
 *fill*         0x08004102        0x2 
 .text.HAL_TIM_PWM_ConfigChannel
                0x08004104      0x228 ./Drivers/STM32G4xx_HAL_Driver/Src/stm32g4xx_hal_tim.o
                0x08004104                HAL_TIM_PWM_ConfigChannel
 .text.HAL_TIM_ConfigClockSource
                0x0800432c      0x22c ./Drivers/STM32G4xx_HAL_Driver/Src/stm32g4xx_hal_tim.o
                0x0800432c                HAL_TIM_ConfigClockSource
 .text.HAL_TIM_SlaveConfigSynchro
                0x08004558       0x84 ./Drivers/STM32G4xx_HAL_Driver/Src/stm32g4xx_hal_tim.o
                0x08004558                HAL_TIM_SlaveConfigSynchro
 .text.HAL_TIM_ReadCapturedValue
                0x080045dc       0x88 ./Drivers/STM32G4xx_HAL_Driver/Src/stm32g4xx_hal_tim.o
                0x080045dc                HAL_TIM_ReadCapturedValue
 .text.HAL_TIM_OC_DelayElapsedCallback
                0x08004664       0x14 ./Drivers/STM32G4xx_HAL_Driver/Src/stm32g4xx_hal_tim.o
                0x08004664                HAL_TIM_OC_DelayElapsedCallback
 .text.HAL_TIM_PWM_PulseFinishedCallback
                0x08004678       0x14 ./Drivers/STM32G4xx_HAL_Driver/Src/stm32g4xx_hal_tim.o
                0x08004678                HAL_TIM_PWM_PulseFinishedCallback
 .text.HAL_TIM_TriggerCallback
                0x0800468c       0x14 ./Drivers/STM32G4xx_HAL_Driver/Src/stm32g4xx_hal_tim.o
                0x0800468c                HAL_TIM_TriggerCallback
 .text.TIM_Base_SetConfig
                0x080046a0      0x15c ./Drivers/STM32G4xx_HAL_Driver/Src/stm32g4xx_hal_tim.o
                0x080046a0                TIM_Base_SetConfig
 .text.TIM_OC1_SetConfig
                0x080047fc      0x138 ./Drivers/STM32G4xx_HAL_Driver/Src/stm32g4xx_hal_tim.o
 .text.TIM_OC2_SetConfig
                0x08004934      0x12c ./Drivers/STM32G4xx_HAL_Driver/Src/stm32g4xx_hal_tim.o
                0x08004934                TIM_OC2_SetConfig
 .text.TIM_OC3_SetConfig
                0x08004a60      0x128 ./Drivers/STM32G4xx_HAL_Driver/Src/stm32g4xx_hal_tim.o
 .text.TIM_OC4_SetConfig
                0x08004b88      0x12c ./Drivers/STM32G4xx_HAL_Driver/Src/stm32g4xx_hal_tim.o
 .text.TIM_OC5_SetConfig
                0x08004cb4       0xd4 ./Drivers/STM32G4xx_HAL_Driver/Src/stm32g4xx_hal_tim.o
 .text.TIM_OC6_SetConfig
                0x08004d88       0xd8 ./Drivers/STM32G4xx_HAL_Driver/Src/stm32g4xx_hal_tim.o
 .text.TIM_SlaveTimer_SetConfig
                0x08004e60      0x1c0 ./Drivers/STM32G4xx_HAL_Driver/Src/stm32g4xx_hal_tim.o
 .text.TIM_TI1_SetConfig
                0x08005020      0x12c ./Drivers/STM32G4xx_HAL_Driver/Src/stm32g4xx_hal_tim.o
                0x08005020                TIM_TI1_SetConfig
 .text.TIM_TI1_ConfigInputStage
                0x0800514c       0xb4 ./Drivers/STM32G4xx_HAL_Driver/Src/stm32g4xx_hal_tim.o
 .text.TIM_TI2_SetConfig
                0x08005200       0xac ./Drivers/STM32G4xx_HAL_Driver/Src/stm32g4xx_hal_tim.o
 .text.TIM_TI2_ConfigInputStage
                0x080052ac       0x90 ./Drivers/STM32G4xx_HAL_Driver/Src/stm32g4xx_hal_tim.o
 .text.TIM_TI3_SetConfig
                0x0800533c       0xa8 ./Drivers/STM32G4xx_HAL_Driver/Src/stm32g4xx_hal_tim.o
 .text.TIM_TI4_SetConfig
                0x080053e4       0xac ./Drivers/STM32G4xx_HAL_Driver/Src/stm32g4xx_hal_tim.o
 .text.TIM_ITRx_SetConfig
                0x08005490       0x3a ./Drivers/STM32G4xx_HAL_Driver/Src/stm32g4xx_hal_tim.o
 .text.TIM_ETR_SetConfig
                0x080054ca       0x40 ./Drivers/STM32G4xx_HAL_Driver/Src/stm32g4xx_hal_tim.o
                0x080054ca                TIM_ETR_SetConfig
 .text.TIM_CCxChannelCmd
                0x0800550a       0x4a ./Drivers/STM32G4xx_HAL_Driver/Src/stm32g4xx_hal_tim.o
                0x0800550a                TIM_CCxChannelCmd
 .text.HAL_TIMEx_MasterConfigSynchronization
                0x08005554      0x12c ./Drivers/STM32G4xx_HAL_Driver/Src/stm32g4xx_hal_tim_ex.o
                0x08005554                HAL_TIMEx_MasterConfigSynchronization
 .text.HAL_TIMEx_CommutCallback
                0x08005680       0x14 ./Drivers/STM32G4xx_HAL_Driver/Src/stm32g4xx_hal_tim_ex.o
                0x08005680                HAL_TIMEx_CommutCallback
 .text.HAL_TIMEx_BreakCallback
                0x08005694       0x14 ./Drivers/STM32G4xx_HAL_Driver/Src/stm32g4xx_hal_tim_ex.o
                0x08005694                HAL_TIMEx_BreakCallback
 .text.HAL_TIMEx_Break2Callback
                0x080056a8       0x14 ./Drivers/STM32G4xx_HAL_Driver/Src/stm32g4xx_hal_tim_ex.o
                0x080056a8                HAL_TIMEx_Break2Callback
 .text.HAL_TIMEx_EncoderIndexCallback
                0x080056bc       0x14 ./Drivers/STM32G4xx_HAL_Driver/Src/stm32g4xx_hal_tim_ex.o
                0x080056bc                HAL_TIMEx_EncoderIndexCallback
 .text.HAL_TIMEx_DirectionChangeCallback
                0x080056d0       0x14 ./Drivers/STM32G4xx_HAL_Driver/Src/stm32g4xx_hal_tim_ex.o
                0x080056d0                HAL_TIMEx_DirectionChangeCallback
 .text.HAL_TIMEx_IndexErrorCallback
                0x080056e4       0x14 ./Drivers/STM32G4xx_HAL_Driver/Src/stm32g4xx_hal_tim_ex.o
                0x080056e4                HAL_TIMEx_IndexErrorCallback
 .text.HAL_TIMEx_TransitionErrorCallback
                0x080056f8       0x14 ./Drivers/STM32G4xx_HAL_Driver/Src/stm32g4xx_hal_tim_ex.o
                0x080056f8                HAL_TIMEx_TransitionErrorCallback
 .text.HAL_UART_Init
                0x0800570c       0xa0 ./Drivers/STM32G4xx_HAL_Driver/Src/stm32g4xx_hal_uart.o
                0x0800570c                HAL_UART_Init
 .text.HAL_UART_Transmit_DMA
                0x080057ac      0x100 ./Drivers/STM32G4xx_HAL_Driver/Src/stm32g4xx_hal_uart.o
                0x080057ac                HAL_UART_Transmit_DMA
 .text.HAL_UART_IRQHandler
                0x080058ac      0x684 ./Drivers/STM32G4xx_HAL_Driver/Src/stm32g4xx_hal_uart.o
                0x080058ac                HAL_UART_IRQHandler
 .text.HAL_UART_TxCpltCallback
                0x08005f30       0x14 ./Drivers/STM32G4xx_HAL_Driver/Src/stm32g4xx_hal_uart.o
                0x08005f30                HAL_UART_TxCpltCallback
 .text.HAL_UART_TxHalfCpltCallback
                0x08005f44       0x14 ./Drivers/STM32G4xx_HAL_Driver/Src/stm32g4xx_hal_uart.o
                0x08005f44                HAL_UART_TxHalfCpltCallback
 .text.HAL_UART_ErrorCallback
                0x08005f58       0x14 ./Drivers/STM32G4xx_HAL_Driver/Src/stm32g4xx_hal_uart.o
                0x08005f58                HAL_UART_ErrorCallback
 .text.HAL_UARTEx_RxEventCallback
                0x08005f6c       0x18 ./Drivers/STM32G4xx_HAL_Driver/Src/stm32g4xx_hal_uart.o
                0x08005f6c                HAL_UARTEx_RxEventCallback
 .text.UART_SetConfig
                0x08005f84      0x5f8 ./Drivers/STM32G4xx_HAL_Driver/Src/stm32g4xx_hal_uart.o
                0x08005f84                UART_SetConfig
 .text.UART_AdvFeatureConfig
                0x0800657c      0x144 ./Drivers/STM32G4xx_HAL_Driver/Src/stm32g4xx_hal_uart.o
                0x0800657c                UART_AdvFeatureConfig
 .text.UART_CheckIdleState
                0x080066c0      0x154 ./Drivers/STM32G4xx_HAL_Driver/Src/stm32g4xx_hal_uart.o
                0x080066c0                UART_CheckIdleState
 .text.UART_WaitOnFlagUntilTimeout
                0x08006814       0xda ./Drivers/STM32G4xx_HAL_Driver/Src/stm32g4xx_hal_uart.o
                0x08006814                UART_WaitOnFlagUntilTimeout
 .text.UART_EndTxTransfer
                0x080068ee       0x82 ./Drivers/STM32G4xx_HAL_Driver/Src/stm32g4xx_hal_uart.o
 .text.UART_EndRxTransfer
                0x08006970       0xcc ./Drivers/STM32G4xx_HAL_Driver/Src/stm32g4xx_hal_uart.o
 .text.UART_DMATransmitCplt
                0x08006a3c       0x9a ./Drivers/STM32G4xx_HAL_Driver/Src/stm32g4xx_hal_uart.o
 .text.UART_DMATxHalfCplt
                0x08006ad6       0x1c ./Drivers/STM32G4xx_HAL_Driver/Src/stm32g4xx_hal_uart.o
 .text.UART_DMAError
                0x08006af2       0x70 ./Drivers/STM32G4xx_HAL_Driver/Src/stm32g4xx_hal_uart.o
 .text.UART_DMAAbortOnError
                0x08006b62       0x1c ./Drivers/STM32G4xx_HAL_Driver/Src/stm32g4xx_hal_uart.o
 .text.UART_EndTransmit_IT
                0x08006b7e       0x56 ./Drivers/STM32G4xx_HAL_Driver/Src/stm32g4xx_hal_uart.o
 .text.HAL_UARTEx_WakeupCallback
                0x08006bd4       0x14 ./Drivers/STM32G4xx_HAL_Driver/Src/stm32g4xx_hal_uart_ex.o
                0x08006bd4                HAL_UARTEx_WakeupCallback
 .text.HAL_UARTEx_RxFifoFullCallback
                0x08006be8       0x14 ./Drivers/STM32G4xx_HAL_Driver/Src/stm32g4xx_hal_uart_ex.o
                0x08006be8                HAL_UARTEx_RxFifoFullCallback
 .text.HAL_UARTEx_TxFifoEmptyCallback
                0x08006bfc       0x14 ./Drivers/STM32G4xx_HAL_Driver/Src/stm32g4xx_hal_uart_ex.o
                0x08006bfc                HAL_UARTEx_TxFifoEmptyCallback
 .text.HAL_UARTEx_DisableFifoMode
                0x08006c10       0x72 ./Drivers/STM32G4xx_HAL_Driver/Src/stm32g4xx_hal_uart_ex.o
                0x08006c10                HAL_UARTEx_DisableFifoMode
 .text.HAL_UARTEx_SetTxFifoThreshold
                0x08006c82       0x7c ./Drivers/STM32G4xx_HAL_Driver/Src/stm32g4xx_hal_uart_ex.o
                0x08006c82                HAL_UARTEx_SetTxFifoThreshold
 .text.HAL_UARTEx_SetRxFifoThreshold
                0x08006cfe       0x7c ./Drivers/STM32G4xx_HAL_Driver/Src/stm32g4xx_hal_uart_ex.o
                0x08006cfe                HAL_UARTEx_SetRxFifoThreshold
 *fill*         0x08006d7a        0x2 
 .text.UARTEx_SetNbDataToProcess
                0x08006d7c       0x9c ./Drivers/STM32G4xx_HAL_Driver/Src/stm32g4xx_hal_uart_ex.o
 .text.memset   0x08006e18       0x10 C:/ST/STM32CubeIDE_1.19.0/STM32CubeIDE/plugins/com.st.stm32cube.ide.mcu.externaltools.gnu-tools-for-stm32.13.3.rel1.win32_1.0.0.202411081344/tools/bin/../lib/gcc/arm-none-eabi/13.3.1/../../../../arm-none-eabi/lib/thumb/v7e-m+fp/hard\libc_nano.a(libc_a-memset.o)
                0x08006e18                memset
 .text.__libc_init_array
                0x08006e28       0x48 C:/ST/STM32CubeIDE_1.19.0/STM32CubeIDE/plugins/com.st.stm32cube.ide.mcu.externaltools.gnu-tools-for-stm32.13.3.rel1.win32_1.0.0.202411081344/tools/bin/../lib/gcc/arm-none-eabi/13.3.1/../../../../arm-none-eabi/lib/thumb/v7e-m+fp/hard\libc_nano.a(libc_a-init.o)
                0x08006e28                __libc_init_array
 *(.glue_7)
 .glue_7        0x08006e70        0x0 linker stubs
 *(.glue_7t)
 .glue_7t       0x08006e70        0x0 linker stubs
 *(.eh_frame)
 .eh_frame      0x08006e70        0x0 C:/ST/STM32CubeIDE_1.19.0/STM32CubeIDE/plugins/com.st.stm32cube.ide.mcu.externaltools.gnu-tools-for-stm32.13.3.rel1.win32_1.0.0.202411081344/tools/bin/../lib/gcc/arm-none-eabi/13.3.1/thumb/v7e-m+fp/hard/crtbegin.o
 *(.init)
 .init          0x08006e70        0x4 C:/ST/STM32CubeIDE_1.19.0/STM32CubeIDE/plugins/com.st.stm32cube.ide.mcu.externaltools.gnu-tools-for-stm32.13.3.rel1.win32_1.0.0.202411081344/tools/bin/../lib/gcc/arm-none-eabi/13.3.1/thumb/v7e-m+fp/hard/crti.o
                0x08006e70                _init
 .init          0x08006e74        0x8 C:/ST/STM32CubeIDE_1.19.0/STM32CubeIDE/plugins/com.st.stm32cube.ide.mcu.externaltools.gnu-tools-for-stm32.13.3.rel1.win32_1.0.0.202411081344/tools/bin/../lib/gcc/arm-none-eabi/13.3.1/thumb/v7e-m+fp/hard/crtn.o
 *(.fini)
 .fini          0x08006e7c        0x4 C:/ST/STM32CubeIDE_1.19.0/STM32CubeIDE/plugins/com.st.stm32cube.ide.mcu.externaltools.gnu-tools-for-stm32.13.3.rel1.win32_1.0.0.202411081344/tools/bin/../lib/gcc/arm-none-eabi/13.3.1/thumb/v7e-m+fp/hard/crti.o
                0x08006e7c                _fini
 .fini          0x08006e80        0x8 C:/ST/STM32CubeIDE_1.19.0/STM32CubeIDE/plugins/com.st.stm32cube.ide.mcu.externaltools.gnu-tools-for-stm32.13.3.rel1.win32_1.0.0.202411081344/tools/bin/../lib/gcc/arm-none-eabi/13.3.1/thumb/v7e-m+fp/hard/crtn.o
                0x08006e88                        . = ALIGN (0x4)
                0x08006e88                        _etext = .

.vfp11_veneer   0x08006e88        0x0
 .vfp11_veneer  0x08006e88        0x0 linker stubs

.v4_bx          0x08006e88        0x0
 .v4_bx         0x08006e88        0x0 linker stubs

.iplt           0x08006e88        0x0
 .iplt          0x08006e88        0x0 C:/ST/STM32CubeIDE_1.19.0/STM32CubeIDE/plugins/com.st.stm32cube.ide.mcu.externaltools.gnu-tools-for-stm32.13.3.rel1.win32_1.0.0.202411081344/tools/bin/../lib/gcc/arm-none-eabi/13.3.1/thumb/v7e-m+fp/hard/crtbegin.o

.rodata         0x08006e88       0x40
                0x08006e88                        . = ALIGN (0x4)
 *(.rodata)
 *(.rodata*)
 .rodata.AHBPrescTable
                0x08006e88       0x10 ./Core/Src/system_stm32g4xx.o
                0x08006e88                AHBPrescTable
 .rodata.APBPrescTable
                0x08006e98        0x8 ./Core/Src/system_stm32g4xx.o
                0x08006e98                APBPrescTable
 .rodata.UARTPrescTable
                0x08006ea0       0x18 ./Drivers/STM32G4xx_HAL_Driver/Src/stm32g4xx_hal_uart.o
                0x08006ea0                UARTPrescTable
 .rodata.numerator.1
                0x08006eb8        0x8 ./Drivers/STM32G4xx_HAL_Driver/Src/stm32g4xx_hal_uart_ex.o
 .rodata.denominator.0
                0x08006ec0        0x8 ./Drivers/STM32G4xx_HAL_Driver/Src/stm32g4xx_hal_uart_ex.o
                0x08006ec8                        . = ALIGN (0x4)

.ARM.extab      0x08006ec8        0x0
                0x08006ec8                        . = ALIGN (0x4)
 *(.ARM.extab* .gnu.linkonce.armextab.*)
                0x08006ec8                        . = ALIGN (0x4)

.ARM            0x08006ec8        0x8
                0x08006ec8                        . = ALIGN (0x4)
                0x08006ec8                        __exidx_start = .
 *(.ARM.exidx*)
 .ARM.exidx     0x08006ec8        0x8 C:/ST/STM32CubeIDE_1.19.0/STM32CubeIDE/plugins/com.st.stm32cube.ide.mcu.externaltools.gnu-tools-for-stm32.13.3.rel1.win32_1.0.0.202411081344/tools/bin/../lib/gcc/arm-none-eabi/13.3.1/thumb/v7e-m+fp/hard\libgcc.a(_udivmoddi4.o)
                0x08006ed0                        __exidx_end = .
                0x08006ed0                        . = ALIGN (0x4)

.preinit_array  0x08006ed0        0x0
                0x08006ed0                        . = ALIGN (0x4)
                0x08006ed0                        PROVIDE (__preinit_array_start = .)
 *(.preinit_array*)
                0x08006ed0                        PROVIDE (__preinit_array_end = .)
                0x08006ed0                        . = ALIGN (0x4)

.init_array     0x08006ed0        0x4
                0x08006ed0                        . = ALIGN (0x4)
                0x08006ed0                        PROVIDE (__init_array_start = .)
 *(SORT_BY_NAME(.init_array.*))
 *(.init_array*)
 .init_array    0x08006ed0        0x4 C:/ST/STM32CubeIDE_1.19.0/STM32CubeIDE/plugins/com.st.stm32cube.ide.mcu.externaltools.gnu-tools-for-stm32.13.3.rel1.win32_1.0.0.202411081344/tools/bin/../lib/gcc/arm-none-eabi/13.3.1/thumb/v7e-m+fp/hard/crtbegin.o
                0x08006ed4                        PROVIDE (__init_array_end = .)
                0x08006ed4                        . = ALIGN (0x4)

.fini_array     0x08006ed4        0x4
                0x08006ed4                        . = ALIGN (0x4)
                [!provide]                        PROVIDE (__fini_array_start = .)
 *(SORT_BY_NAME(.fini_array.*))
 *(.fini_array*)
 .fini_array    0x08006ed4        0x4 C:/ST/STM32CubeIDE_1.19.0/STM32CubeIDE/plugins/com.st.stm32cube.ide.mcu.externaltools.gnu-tools-for-stm32.13.3.rel1.win32_1.0.0.202411081344/tools/bin/../lib/gcc/arm-none-eabi/13.3.1/thumb/v7e-m+fp/hard/crtbegin.o
                [!provide]                        PROVIDE (__fini_array_end = .)
                0x08006ed8                        . = ALIGN (0x4)
                0x08006ed8                        _sidata = LOADADDR (.data)

.rel.dyn        0x08006ed8        0x0
 .rel.iplt      0x08006ed8        0x0 C:/ST/STM32CubeIDE_1.19.0/STM32CubeIDE/plugins/com.st.stm32cube.ide.mcu.externaltools.gnu-tools-for-stm32.13.3.rel1.win32_1.0.0.202411081344/tools/bin/../lib/gcc/arm-none-eabi/13.3.1/thumb/v7e-m+fp/hard/crtbegin.o

.data           0x20000000       0x28 load address 0x08006ed8
                0x20000000                        . = ALIGN (0x4)
                0x20000000                        _sdata = .
 *(.data)
 *(.data*)
 .data.txFrame  0x20000000       0x1b ./Core/Src/main.o
                0x20000000                txFrame
 *fill*         0x2000001b        0x1 
 .data.SystemCoreClock
                0x2000001c        0x4 ./Core/Src/system_stm32g4xx.o
                0x2000001c                SystemCoreClock
 .data.uwTickPrio
                0x20000020        0x4 ./Drivers/STM32G4xx_HAL_Driver/Src/stm32g4xx_hal.o
                0x20000020                uwTickPrio
 .data.uwTickFreq
                0x20000024        0x4 ./Drivers/STM32G4xx_HAL_Driver/Src/stm32g4xx_hal.o
                0x20000024                uwTickFreq
 *(.RamFunc)
 *(.RamFunc*)
                0x20000028                        . = ALIGN (0x4)
                0x20000028                        _edata = .

.igot.plt       0x20000028        0x0 load address 0x08006f00
 .igot.plt      0x20000028        0x0 C:/ST/STM32CubeIDE_1.19.0/STM32CubeIDE/plugins/com.st.stm32cube.ide.mcu.externaltools.gnu-tools-for-stm32.13.3.rel1.win32_1.0.0.202411081344/tools/bin/../lib/gcc/arm-none-eabi/13.3.1/thumb/v7e-m+fp/hard/crtbegin.o
                0x20000028                        . = ALIGN (0x4)

.bss            0x20000028      0x320 load address 0x08006f00
                0x20000028                        _sbss = .
                0x20000028                        __bss_start__ = _sbss
 *(.bss)
 .bss           0x20000028       0x1c C:/ST/STM32CubeIDE_1.19.0/STM32CubeIDE/plugins/com.st.stm32cube.ide.mcu.externaltools.gnu-tools-for-stm32.13.3.rel1.win32_1.0.0.202411081344/tools/bin/../lib/gcc/arm-none-eabi/13.3.1/thumb/v7e-m+fp/hard/crtbegin.o
 *(.bss*)
 .bss.hus1      0x20000044       0x20 ./Core/Src/main.o
                0x20000044                hus1
 .bss.hkf_zero  0x20000064       0x58 ./Core/Src/main.o
                0x20000064                hkf_zero
 .bss.hkf_first
                0x200000bc       0x58 ./Core/Src/main.o
                0x200000bc                hkf_first
 .bss.hkf_msd   0x20000114       0x58 ./Core/Src/main.o
                0x20000114                hkf_msd
 .bss.htim1     0x2000016c       0x4c ./Core/Src/tim.o
                0x2000016c                htim1
 .bss.htim3     0x200001b8       0x4c ./Core/Src/tim.o
                0x200001b8                htim3
 .bss.htim4     0x20000204       0x4c ./Core/Src/tim.o
                0x20000204                htim4
 .bss.hlpuart1  0x20000250       0x94 ./Core/Src/usart.o
                0x20000250                hlpuart1
 .bss.hdma_lpuart1_tx
                0x200002e4       0x60 ./Core/Src/usart.o
                0x200002e4                hdma_lpuart1_tx
 .bss.uwTick    0x20000344        0x4 ./Drivers/STM32G4xx_HAL_Driver/Src/stm32g4xx_hal.o
                0x20000344                uwTick
 *(COMMON)
                0x20000348                        . = ALIGN (0x4)
                0x20000348                        _ebss = .
                0x20000348                        __bss_end__ = _ebss

._user_heap_stack
                0x20000348      0x600 load address 0x08006f00
                0x20000348                        . = ALIGN (0x8)
                [!provide]                        PROVIDE (end = .)
                0x20000348                        PROVIDE (_end = .)
                0x20000548                        . = (. + _Min_Heap_Size)
 *fill*         0x20000348      0x200 
                0x20000948                        . = (. + _Min_Stack_Size)
 *fill*         0x20000548      0x400 
                0x20000948                        . = ALIGN (0x8)

/DISCARD/
 libc.a(*)
 libm.a(*)
 libgcc.a(*)

.ARM.attributes
                0x00000000       0x30
 *(.ARM.attributes)
 .ARM.attributes
                0x00000000       0x22 C:/ST/STM32CubeIDE_1.19.0/STM32CubeIDE/plugins/com.st.stm32cube.ide.mcu.externaltools.gnu-tools-for-stm32.13.3.rel1.win32_1.0.0.202411081344/tools/bin/../lib/gcc/arm-none-eabi/13.3.1/thumb/v7e-m+fp/hard/crti.o
 .ARM.attributes
                0x00000022       0x34 C:/ST/STM32CubeIDE_1.19.0/STM32CubeIDE/plugins/com.st.stm32cube.ide.mcu.externaltools.gnu-tools-for-stm32.13.3.rel1.win32_1.0.0.202411081344/tools/bin/../lib/gcc/arm-none-eabi/13.3.1/thumb/v7e-m+fp/hard/crtbegin.o
 .ARM.attributes
                0x00000056       0x34 ./Core/Src/Ultrasonic.o
 .ARM.attributes
                0x0000008a       0x34 ./Core/Src/dma.o
 .ARM.attributes
                0x000000be       0x34 ./Core/Src/gpio.o
 .ARM.attributes
                0x000000f2       0x34 ./Core/Src/kalman_filter.o
 .ARM.attributes
                0x00000126       0x34 ./Core/Src/main.o
 .ARM.attributes
                0x0000015a       0x34 ./Core/Src/stm32g4xx_hal_msp.o
 .ARM.attributes
                0x0000018e       0x34 ./Core/Src/stm32g4xx_it.o
 .ARM.attributes
                0x000001c2       0x34 ./Core/Src/system_stm32g4xx.o
 .ARM.attributes
                0x000001f6       0x34 ./Core/Src/tim.o
 .ARM.attributes
                0x0000022a       0x34 ./Core/Src/usart.o
 .ARM.attributes
                0x0000025e       0x21 ./Core/Startup/startup_stm32g474retx.o
 .ARM.attributes
                0x0000027f       0x34 ./Drivers/STM32G4xx_HAL_Driver/Src/stm32g4xx_hal.o
 .ARM.attributes
                0x000002b3       0x34 ./Drivers/STM32G4xx_HAL_Driver/Src/stm32g4xx_hal_cortex.o
 .ARM.attributes
                0x000002e7       0x34 ./Drivers/STM32G4xx_HAL_Driver/Src/stm32g4xx_hal_dma.o
 .ARM.attributes
                0x0000031b       0x34 ./Drivers/STM32G4xx_HAL_Driver/Src/stm32g4xx_hal_gpio.o
 .ARM.attributes
                0x0000034f       0x34 ./Drivers/STM32G4xx_HAL_Driver/Src/stm32g4xx_hal_pwr_ex.o
 .ARM.attributes
                0x00000383       0x34 ./Drivers/STM32G4xx_HAL_Driver/Src/stm32g4xx_hal_rcc.o
 .ARM.attributes
                0x000003b7       0x34 ./Drivers/STM32G4xx_HAL_Driver/Src/stm32g4xx_hal_rcc_ex.o
 .ARM.attributes
                0x000003eb       0x34 ./Drivers/STM32G4xx_HAL_Driver/Src/stm32g4xx_hal_tim.o
 .ARM.attributes
                0x0000041f       0x34 ./Drivers/STM32G4xx_HAL_Driver/Src/stm32g4xx_hal_tim_ex.o
 .ARM.attributes
                0x00000453       0x34 ./Drivers/STM32G4xx_HAL_Driver/Src/stm32g4xx_hal_uart.o
 .ARM.attributes
                0x00000487       0x34 ./Drivers/STM32G4xx_HAL_Driver/Src/stm32g4xx_hal_uart_ex.o
 .ARM.attributes
                0x000004bb       0x34 C:/ST/STM32CubeIDE_1.19.0/STM32CubeIDE/plugins/com.st.stm32cube.ide.mcu.externaltools.gnu-tools-for-stm32.13.3.rel1.win32_1.0.0.202411081344/tools/bin/../lib/gcc/arm-none-eabi/13.3.1/../../../../arm-none-eabi/lib/thumb/v7e-m+fp/hard\libc_nano.a(libc_a-memset.o)
 .ARM.attributes
                0x000004ef       0x34 C:/ST/STM32CubeIDE_1.19.0/STM32CubeIDE/plugins/com.st.stm32cube.ide.mcu.externaltools.gnu-tools-for-stm32.13.3.rel1.win32_1.0.0.202411081344/tools/bin/../lib/gcc/arm-none-eabi/13.3.1/../../../../arm-none-eabi/lib/thumb/v7e-m+fp/hard\libc_nano.a(libc_a-init.o)
 .ARM.attributes
                0x00000523       0x22 C:/ST/STM32CubeIDE_1.19.0/STM32CubeIDE/plugins/com.st.stm32cube.ide.mcu.externaltools.gnu-tools-for-stm32.13.3.rel1.win32_1.0.0.202411081344/tools/bin/../lib/gcc/arm-none-eabi/13.3.1/thumb/v7e-m+fp/hard\libgcc.a(_aeabi_uldivmod.o)
 .ARM.attributes
                0x00000545       0x34 C:/ST/STM32CubeIDE_1.19.0/STM32CubeIDE/plugins/com.st.stm32cube.ide.mcu.externaltools.gnu-tools-for-stm32.13.3.rel1.win32_1.0.0.202411081344/tools/bin/../lib/gcc/arm-none-eabi/13.3.1/thumb/v7e-m+fp/hard\libgcc.a(_udivmoddi4.o)
 .ARM.attributes
                0x00000579       0x22 C:/ST/STM32CubeIDE_1.19.0/STM32CubeIDE/plugins/com.st.stm32cube.ide.mcu.externaltools.gnu-tools-for-stm32.13.3.rel1.win32_1.0.0.202411081344/tools/bin/../lib/gcc/arm-none-eabi/13.3.1/thumb/v7e-m+fp/hard\libgcc.a(_dvmd_tls.o)
 .ARM.attributes
                0x0000059b       0x22 C:/ST/STM32CubeIDE_1.19.0/STM32CubeIDE/plugins/com.st.stm32cube.ide.mcu.externaltools.gnu-tools-for-stm32.13.3.rel1.win32_1.0.0.202411081344/tools/bin/../lib/gcc/arm-none-eabi/13.3.1/thumb/v7e-m+fp/hard/crtn.o
OUTPUT(ultrasonic_kalman_filter.elf elf32-littlearm)
LOAD linker stubs
LOAD C:/ST/STM32CubeIDE_1.19.0/STM32CubeIDE/plugins/com.st.stm32cube.ide.mcu.externaltools.gnu-tools-for-stm32.13.3.rel1.win32_1.0.0.202411081344/tools/bin/../lib/gcc/arm-none-eabi/13.3.1/../../../../arm-none-eabi/lib/thumb/v7e-m+fp/hard\libc.a
LOAD C:/ST/STM32CubeIDE_1.19.0/STM32CubeIDE/plugins/com.st.stm32cube.ide.mcu.externaltools.gnu-tools-for-stm32.13.3.rel1.win32_1.0.0.202411081344/tools/bin/../lib/gcc/arm-none-eabi/13.3.1/../../../../arm-none-eabi/lib/thumb/v7e-m+fp/hard\libm.a
LOAD C:/ST/STM32CubeIDE_1.19.0/STM32CubeIDE/plugins/com.st.stm32cube.ide.mcu.externaltools.gnu-tools-for-stm32.13.3.rel1.win32_1.0.0.202411081344/tools/bin/../lib/gcc/arm-none-eabi/13.3.1/thumb/v7e-m+fp/hard\libgcc.a

.debug_info     0x00000000    0x1536e
 .debug_info    0x00000000      0x98e ./Core/Src/Ultrasonic.o
 .debug_info    0x0000098e      0x5ac ./Core/Src/dma.o
 .debug_info    0x00000f3a      0x763 ./Core/Src/gpio.o
 .debug_info    0x0000169d      0x36c ./Core/Src/kalman_filter.o
 .debug_info    0x00001a09     0x1295 ./Core/Src/main.o
 .debug_info    0x00002c9e      0x2da ./Core/Src/stm32g4xx_hal_msp.o
 .debug_info    0x00002f78      0xccc ./Core/Src/stm32g4xx_it.o
 .debug_info    0x00003c44      0x58e ./Core/Src/system_stm32g4xx.o
 .debug_info    0x000041d2     0x137b ./Core/Src/tim.o
 .debug_info    0x0000554d     0x10e1 ./Core/Src/usart.o
 .debug_info    0x0000662e       0x30 ./Core/Startup/startup_stm32g474retx.o
 .debug_info    0x0000665e      0xb95 ./Drivers/STM32G4xx_HAL_Driver/Src/stm32g4xx_hal.o
 .debug_info    0x000071f3      0xdf9 ./Drivers/STM32G4xx_HAL_Driver/Src/stm32g4xx_hal_cortex.o
 .debug_info    0x00007fec      0x85f ./Drivers/STM32G4xx_HAL_Driver/Src/stm32g4xx_hal_dma.o
 .debug_info    0x0000884b      0x772 ./Drivers/STM32G4xx_HAL_Driver/Src/stm32g4xx_hal_gpio.o
 .debug_info    0x00008fbd      0x944 ./Drivers/STM32G4xx_HAL_Driver/Src/stm32g4xx_hal_pwr_ex.o
 .debug_info    0x00009901      0xbf9 ./Drivers/STM32G4xx_HAL_Driver/Src/stm32g4xx_hal_rcc.o
 .debug_info    0x0000a4fa      0xc5d ./Drivers/STM32G4xx_HAL_Driver/Src/stm32g4xx_hal_rcc_ex.o
 .debug_info    0x0000b157     0x2c52 ./Drivers/STM32G4xx_HAL_Driver/Src/stm32g4xx_hal_tim.o
 .debug_info    0x0000dda9     0x1d95 ./Drivers/STM32G4xx_HAL_Driver/Src/stm32g4xx_hal_tim_ex.o
 .debug_info    0x0000fb3e     0x4854 ./Drivers/STM32G4xx_HAL_Driver/Src/stm32g4xx_hal_uart.o
 .debug_info    0x00014392      0xfdc ./Drivers/STM32G4xx_HAL_Driver/Src/stm32g4xx_hal_uart_ex.o

.debug_abbrev   0x00000000     0x2cac
 .debug_abbrev  0x00000000      0x1c9 ./Core/Src/Ultrasonic.o
 .debug_abbrev  0x000001c9      0x109 ./Core/Src/dma.o
 .debug_abbrev  0x000002d2      0x162 ./Core/Src/gpio.o
 .debug_abbrev  0x00000434      0x148 ./Core/Src/kalman_filter.o
 .debug_abbrev  0x0000057c      0x2b3 ./Core/Src/main.o
 .debug_abbrev  0x0000082f       0xd9 ./Core/Src/stm32g4xx_hal_msp.o
 .debug_abbrev  0x00000908      0x1e3 ./Core/Src/stm32g4xx_it.o
 .debug_abbrev  0x00000aeb      0x11a ./Core/Src/system_stm32g4xx.o
 .debug_abbrev  0x00000c05      0x284 ./Core/Src/tim.o
 .debug_abbrev  0x00000e89      0x226 ./Core/Src/usart.o
 .debug_abbrev  0x000010af       0x24 ./Core/Startup/startup_stm32g474retx.o
 .debug_abbrev  0x000010d3      0x271 ./Drivers/STM32G4xx_HAL_Driver/Src/stm32g4xx_hal.o
 .debug_abbrev  0x00001344      0x31c ./Drivers/STM32G4xx_HAL_Driver/Src/stm32g4xx_hal_cortex.o
 .debug_abbrev  0x00001660      0x1e2 ./Drivers/STM32G4xx_HAL_Driver/Src/stm32g4xx_hal_dma.o
 .debug_abbrev  0x00001842      0x1d2 ./Drivers/STM32G4xx_HAL_Driver/Src/stm32g4xx_hal_gpio.o
 .debug_abbrev  0x00001a14      0x22c ./Drivers/STM32G4xx_HAL_Driver/Src/stm32g4xx_hal_pwr_ex.o
 .debug_abbrev  0x00001c40      0x2c9 ./Drivers/STM32G4xx_HAL_Driver/Src/stm32g4xx_hal_rcc.o
 .debug_abbrev  0x00001f09      0x261 ./Drivers/STM32G4xx_HAL_Driver/Src/stm32g4xx_hal_rcc_ex.o
 .debug_abbrev  0x0000216a      0x2a7 ./Drivers/STM32G4xx_HAL_Driver/Src/stm32g4xx_hal_tim.o
 .debug_abbrev  0x00002411      0x2c5 ./Drivers/STM32G4xx_HAL_Driver/Src/stm32g4xx_hal_tim_ex.o
 .debug_abbrev  0x000026d6      0x304 ./Drivers/STM32G4xx_HAL_Driver/Src/stm32g4xx_hal_uart.o
 .debug_abbrev  0x000029da      0x2d2 ./Drivers/STM32G4xx_HAL_Driver/Src/stm32g4xx_hal_uart_ex.o

.debug_aranges  0x00000000     0x1160
 .debug_aranges
                0x00000000       0x30 ./Core/Src/Ultrasonic.o
 .debug_aranges
                0x00000030       0x20 ./Core/Src/dma.o
 .debug_aranges
                0x00000050       0x20 ./Core/Src/gpio.o
 .debug_aranges
                0x00000070       0x40 ./Core/Src/kalman_filter.o
 .debug_aranges
                0x000000b0       0x40 ./Core/Src/main.o
 .debug_aranges
                0x000000f0       0x20 ./Core/Src/stm32g4xx_hal_msp.o
 .debug_aranges
                0x00000110       0x88 ./Core/Src/stm32g4xx_it.o
 .debug_aranges
                0x00000198       0x28 ./Core/Src/system_stm32g4xx.o
 .debug_aranges
                0x000001c0       0x58 ./Core/Src/tim.o
 .debug_aranges
                0x00000218       0x30 ./Core/Src/usart.o
 .debug_aranges
                0x00000248       0x28 ./Core/Startup/startup_stm32g474retx.o
 .debug_aranges
                0x00000270      0x148 ./Drivers/STM32G4xx_HAL_Driver/Src/stm32g4xx_hal.o
 .debug_aranges
                0x000003b8      0x128 ./Drivers/STM32G4xx_HAL_Driver/Src/stm32g4xx_hal_cortex.o
 .debug_aranges
                0x000004e0       0x90 ./Drivers/STM32G4xx_HAL_Driver/Src/stm32g4xx_hal_dma.o
 .debug_aranges
                0x00000570       0x58 ./Drivers/STM32G4xx_HAL_Driver/Src/stm32g4xx_hal_gpio.o
 .debug_aranges
                0x000005c8      0x140 ./Drivers/STM32G4xx_HAL_Driver/Src/stm32g4xx_hal_pwr_ex.o
 .debug_aranges
                0x00000708       0x98 ./Drivers/STM32G4xx_HAL_Driver/Src/stm32g4xx_hal_rcc.o
 .debug_aranges
                0x000007a0       0xb0 ./Drivers/STM32G4xx_HAL_Driver/Src/stm32g4xx_hal_rcc_ex.o
 .debug_aranges
                0x00000850      0x3e0 ./Drivers/STM32G4xx_HAL_Driver/Src/stm32g4xx_hal_tim.o
 .debug_aranges
                0x00000c30      0x240 ./Drivers/STM32G4xx_HAL_Driver/Src/stm32g4xx_hal_tim_ex.o
 .debug_aranges
                0x00000e70      0x248 ./Drivers/STM32G4xx_HAL_Driver/Src/stm32g4xx_hal_uart.o
 .debug_aranges
                0x000010b8       0xa8 ./Drivers/STM32G4xx_HAL_Driver/Src/stm32g4xx_hal_uart_ex.o

.debug_rnglists
                0x00000000      0xd82
 .debug_rnglists
                0x00000000       0x20 ./Core/Src/Ultrasonic.o
 .debug_rnglists
                0x00000020       0x13 ./Core/Src/dma.o
 .debug_rnglists
                0x00000033       0x14 ./Core/Src/gpio.o
 .debug_rnglists
                0x00000047       0x2d ./Core/Src/kalman_filter.o
 .debug_rnglists
                0x00000074       0x2e ./Core/Src/main.o
 .debug_rnglists
                0x000000a2       0x13 ./Core/Src/stm32g4xx_hal_msp.o
 .debug_rnglists
                0x000000b5       0x61 ./Core/Src/stm32g4xx_it.o
 .debug_rnglists
                0x00000116       0x1a ./Core/Src/system_stm32g4xx.o
 .debug_rnglists
                0x00000130       0x41 ./Core/Src/tim.o
 .debug_rnglists
                0x00000171       0x21 ./Core/Src/usart.o
 .debug_rnglists
                0x00000192       0x19 ./Core/Startup/startup_stm32g474retx.o
 .debug_rnglists
                0x000001ab       0xf1 ./Drivers/STM32G4xx_HAL_Driver/Src/stm32g4xx_hal.o
 .debug_rnglists
                0x0000029c       0xda ./Drivers/STM32G4xx_HAL_Driver/Src/stm32g4xx_hal_cortex.o
 .debug_rnglists
                0x00000376       0x72 ./Drivers/STM32G4xx_HAL_Driver/Src/stm32g4xx_hal_dma.o
 .debug_rnglists
                0x000003e8       0x3f ./Drivers/STM32G4xx_HAL_Driver/Src/stm32g4xx_hal_gpio.o
 .debug_rnglists
                0x00000427       0xf1 ./Drivers/STM32G4xx_HAL_Driver/Src/stm32g4xx_hal_pwr_ex.o
 .debug_rnglists
                0x00000518       0x74 ./Drivers/STM32G4xx_HAL_Driver/Src/stm32g4xx_hal_rcc.o
 .debug_rnglists
                0x0000058c       0x87 ./Drivers/STM32G4xx_HAL_Driver/Src/stm32g4xx_hal_rcc_ex.o
 .debug_rnglists
                0x00000613      0x32d ./Drivers/STM32G4xx_HAL_Driver/Src/stm32g4xx_hal_tim.o
 .debug_rnglists
                0x00000940      0x1cc ./Drivers/STM32G4xx_HAL_Driver/Src/stm32g4xx_hal_tim_ex.o
 .debug_rnglists
                0x00000b0c      0x1f7 ./Drivers/STM32G4xx_HAL_Driver/Src/stm32g4xx_hal_uart.o
 .debug_rnglists
                0x00000d03       0x7f ./Drivers/STM32G4xx_HAL_Driver/Src/stm32g4xx_hal_uart_ex.o

.debug_macro    0x00000000    0x264c3
 .debug_macro   0x00000000      0x1e7 ./Core/Src/Ultrasonic.o
 .debug_macro   0x000001e7      0xad8 ./Core/Src/Ultrasonic.o
 .debug_macro   0x00000cbf      0x15b ./Core/Src/Ultrasonic.o
 .debug_macro   0x00000e1a       0x2e ./Core/Src/Ultrasonic.o
 .debug_macro   0x00000e48       0x28 ./Core/Src/Ultrasonic.o
 .debug_macro   0x00000e70       0x22 ./Core/Src/Ultrasonic.o
 .debug_macro   0x00000e92       0x8e ./Core/Src/Ultrasonic.o
 .debug_macro   0x00000f20       0x51 ./Core/Src/Ultrasonic.o
 .debug_macro   0x00000f71      0x103 ./Core/Src/Ultrasonic.o
 .debug_macro   0x00001074       0x6a ./Core/Src/Ultrasonic.o
 .debug_macro   0x000010de      0x1df ./Core/Src/Ultrasonic.o
 .debug_macro   0x000012bd       0x1c ./Core/Src/Ultrasonic.o
 .debug_macro   0x000012d9       0x22 ./Core/Src/Ultrasonic.o
 .debug_macro   0x000012fb       0xfb ./Core/Src/Ultrasonic.o
 .debug_macro   0x000013f6     0x1011 ./Core/Src/Ultrasonic.o
 .debug_macro   0x00002407      0x11f ./Core/Src/Ultrasonic.o
 .debug_macro   0x00002526    0x18b8c ./Core/Src/Ultrasonic.o
 .debug_macro   0x0001b0b2       0x6d ./Core/Src/Ultrasonic.o
 .debug_macro   0x0001b11f     0x3558 ./Core/Src/Ultrasonic.o
 .debug_macro   0x0001e677      0x190 ./Core/Src/Ultrasonic.o
 .debug_macro   0x0001e807       0x5c ./Core/Src/Ultrasonic.o
 .debug_macro   0x0001e863     0x171f ./Core/Src/Ultrasonic.o
 .debug_macro   0x0001ff82      0x600 ./Core/Src/Ultrasonic.o
 .debug_macro   0x00020582      0x1b6 ./Core/Src/Ultrasonic.o
 .debug_macro   0x00020738      0x34a ./Core/Src/Ultrasonic.o
 .debug_macro   0x00020a82      0x53c ./Core/Src/Ultrasonic.o
 .debug_macro   0x00020fbe      0x18b ./Core/Src/Ultrasonic.o
 .debug_macro   0x00021149       0x43 ./Core/Src/Ultrasonic.o
 .debug_macro   0x0002118c      0x23d ./Core/Src/Ultrasonic.o
 .debug_macro   0x000213c9      0x211 ./Core/Src/Ultrasonic.o
 .debug_macro   0x000215da      0x45c ./Core/Src/Ultrasonic.o
 .debug_macro   0x00021a36      0x11c ./Core/Src/Ultrasonic.o
 .debug_macro   0x00021b52      0x122 ./Core/Src/Ultrasonic.o
 .debug_macro   0x00021c74      0x3d1 ./Core/Src/Ultrasonic.o
 .debug_macro   0x00022045      0xc0b ./Core/Src/Ultrasonic.o
 .debug_macro   0x00022c50      0x718 ./Core/Src/Ultrasonic.o
 .debug_macro   0x00023368      0x693 ./Core/Src/Ultrasonic.o
 .debug_macro   0x000239fb       0xa6 ./Core/Src/Ultrasonic.o
 .debug_macro   0x00023aa1      0x358 ./Core/Src/Ultrasonic.o
 .debug_macro   0x00023df9       0x8e ./Core/Src/Ultrasonic.o
 .debug_macro   0x00023e87      0x1e7 ./Core/Src/dma.o
 .debug_macro   0x0002406e      0x1e7 ./Core/Src/gpio.o
 .debug_macro   0x00024255      0x1e7 ./Core/Src/kalman_filter.o
 .debug_macro   0x0002443c      0x21d ./Core/Src/main.o
 .debug_macro   0x00024659      0x1dd ./Core/Src/stm32g4xx_hal_msp.o
 .debug_macro   0x00024836      0x1e7 ./Core/Src/stm32g4xx_it.o
 .debug_macro   0x00024a1d      0x1ce ./Core/Src/system_stm32g4xx.o
 .debug_macro   0x00024beb      0x1e7 ./Core/Src/tim.o
 .debug_macro   0x00024dd2      0x1e7 ./Core/Src/usart.o
 .debug_macro   0x00024fb9      0x21c ./Drivers/STM32G4xx_HAL_Driver/Src/stm32g4xx_hal.o
 .debug_macro   0x000251d5      0x1ce ./Drivers/STM32G4xx_HAL_Driver/Src/stm32g4xx_hal_cortex.o
 .debug_macro   0x000253a3      0x1ce ./Drivers/STM32G4xx_HAL_Driver/Src/stm32g4xx_hal_dma.o
 .debug_macro   0x00025571      0x1d5 ./Drivers/STM32G4xx_HAL_Driver/Src/stm32g4xx_hal_gpio.o
 .debug_macro   0x00025746      0x1f8 ./Drivers/STM32G4xx_HAL_Driver/Src/stm32g4xx_hal_pwr_ex.o
 .debug_macro   0x0002593e      0x210 ./Drivers/STM32G4xx_HAL_Driver/Src/stm32g4xx_hal_rcc.o
 .debug_macro   0x00025b4e      0x1f8 ./Drivers/STM32G4xx_HAL_Driver/Src/stm32g4xx_hal_rcc_ex.o
 .debug_macro   0x00025d46      0x1d6 ./Drivers/STM32G4xx_HAL_Driver/Src/stm32g4xx_hal_tim.o
 .debug_macro   0x00025f1c      0x1d4 ./Drivers/STM32G4xx_HAL_Driver/Src/stm32g4xx_hal_tim_ex.o
 .debug_macro   0x000260f0      0x1f9 ./Drivers/STM32G4xx_HAL_Driver/Src/stm32g4xx_hal_uart.o
 .debug_macro   0x000262e9      0x1da ./Drivers/STM32G4xx_HAL_Driver/Src/stm32g4xx_hal_uart_ex.o

.debug_line     0x00000000    0x15a7a
 .debug_line    0x00000000      0x7f1 ./Core/Src/Ultrasonic.o
 .debug_line    0x000007f1      0x75e ./Core/Src/dma.o
 .debug_line    0x00000f4f      0x77d ./Core/Src/gpio.o
 .debug_line    0x000016cc      0xa37 ./Core/Src/kalman_filter.o
 .debug_line    0x00002103      0x89f ./Core/Src/main.o
 .debug_line    0x000029a2      0x762 ./Core/Src/stm32g4xx_hal_msp.o
 .debug_line    0x00003104      0x888 ./Core/Src/stm32g4xx_it.o
 .debug_line    0x0000398c      0x7ce ./Core/Src/system_stm32g4xx.o
 .debug_line    0x0000415a      0x99b ./Core/Src/tim.o
 .debug_line    0x00004af5      0x840 ./Core/Src/usart.o
 .debug_line    0x00005335       0x7b ./Core/Startup/startup_stm32g474retx.o
 .debug_line    0x000053b0      0xb9a ./Drivers/STM32G4xx_HAL_Driver/Src/stm32g4xx_hal.o
 .debug_line    0x00005f4a      0xcff ./Drivers/STM32G4xx_HAL_Driver/Src/stm32g4xx_hal_cortex.o
 .debug_line    0x00006c49      0xeaf ./Drivers/STM32G4xx_HAL_Driver/Src/stm32g4xx_hal_dma.o
 .debug_line    0x00007af8      0xb86 ./Drivers/STM32G4xx_HAL_Driver/Src/stm32g4xx_hal_gpio.o
 .debug_line    0x0000867e      0xcf9 ./Drivers/STM32G4xx_HAL_Driver/Src/stm32g4xx_hal_pwr_ex.o
 .debug_line    0x00009377     0x101d ./Drivers/STM32G4xx_HAL_Driver/Src/stm32g4xx_hal_rcc.o
 .debug_line    0x0000a394     0x1293 ./Drivers/STM32G4xx_HAL_Driver/Src/stm32g4xx_hal_rcc_ex.o
 .debug_line    0x0000b627     0x40e7 ./Drivers/STM32G4xx_HAL_Driver/Src/stm32g4xx_hal_tim.o
 .debug_line    0x0000f70e     0x20a1 ./Drivers/STM32G4xx_HAL_Driver/Src/stm32g4xx_hal_tim_ex.o
 .debug_line    0x000117af     0x35fc ./Drivers/STM32G4xx_HAL_Driver/Src/stm32g4xx_hal_uart.o
 .debug_line    0x00014dab      0xccf ./Drivers/STM32G4xx_HAL_Driver/Src/stm32g4xx_hal_uart_ex.o

.debug_str      0x00000000    0xf8663
 .debug_str     0x00000000    0xf8663 ./Core/Src/Ultrasonic.o
                              0xf350b (size before relaxing)
 .debug_str     0x000f8663    0xf353f ./Core/Src/dma.o
 .debug_str     0x000f8663    0xf360d ./Core/Src/gpio.o
 .debug_str     0x000f8663    0xf2e77 ./Core/Src/kalman_filter.o
 .debug_str     0x000f8663    0xf3b45 ./Core/Src/main.o
 .debug_str     0x000f8663    0xf2f09 ./Core/Src/stm32g4xx_hal_msp.o
 .debug_str     0x000f8663    0xf37a7 ./Core/Src/stm32g4xx_it.o
 .debug_str     0x000f8663    0xf2d58 ./Core/Src/system_stm32g4xx.o
 .debug_str     0x000f8663    0xf3f9b ./Core/Src/tim.o
 .debug_str     0x000f8663    0xf3e3f ./Core/Src/usart.o
 .debug_str     0x000f8663       0x92 ./Core/Startup/startup_stm32g474retx.o
 .debug_str     0x000f8663    0xf3a6a ./Drivers/STM32G4xx_HAL_Driver/Src/stm32g4xx_hal.o
 .debug_str     0x000f8663    0xf3726 ./Drivers/STM32G4xx_HAL_Driver/Src/stm32g4xx_hal_cortex.o
 .debug_str     0x000f8663    0xf3132 ./Drivers/STM32G4xx_HAL_Driver/Src/stm32g4xx_hal_dma.o
 .debug_str     0x000f8663    0xf2ee3 ./Drivers/STM32G4xx_HAL_Driver/Src/stm32g4xx_hal_gpio.o
 .debug_str     0x000f8663    0xf3246 ./Drivers/STM32G4xx_HAL_Driver/Src/stm32g4xx_hal_pwr_ex.o
 .debug_str     0x000f8663    0xf3477 ./Drivers/STM32G4xx_HAL_Driver/Src/stm32g4xx_hal_rcc.o
 .debug_str     0x000f8663    0xf34a1 ./Drivers/STM32G4xx_HAL_Driver/Src/stm32g4xx_hal_rcc_ex.o
 .debug_str     0x000f8663    0xf4256 ./Drivers/STM32G4xx_HAL_Driver/Src/stm32g4xx_hal_tim.o
 .debug_str     0x000f8663    0xf3eca ./Drivers/STM32G4xx_HAL_Driver/Src/stm32g4xx_hal_tim_ex.o
 .debug_str     0x000f8663    0xf3d13 ./Drivers/STM32G4xx_HAL_Driver/Src/stm32g4xx_hal_uart.o
 .debug_str     0x000f8663    0xf3511 ./Drivers/STM32G4xx_HAL_Driver/Src/stm32g4xx_hal_uart_ex.o

.comment        0x00000000       0x43
 .comment       0x00000000       0x43 ./Core/Src/Ultrasonic.o
                                 0x44 (size before relaxing)
 .comment       0x00000043       0x44 ./Core/Src/dma.o
 .comment       0x00000043       0x44 ./Core/Src/gpio.o
 .comment       0x00000043       0x44 ./Core/Src/kalman_filter.o
 .comment       0x00000043       0x44 ./Core/Src/main.o
 .comment       0x00000043       0x44 ./Core/Src/stm32g4xx_hal_msp.o
 .comment       0x00000043       0x44 ./Core/Src/stm32g4xx_it.o
 .comment       0x00000043       0x44 ./Core/Src/system_stm32g4xx.o
 .comment       0x00000043       0x44 ./Core/Src/tim.o
 .comment       0x00000043       0x44 ./Core/Src/usart.o
 .comment       0x00000043       0x44 ./Drivers/STM32G4xx_HAL_Driver/Src/stm32g4xx_hal.o
 .comment       0x00000043       0x44 ./Drivers/STM32G4xx_HAL_Driver/Src/stm32g4xx_hal_cortex.o
 .comment       0x00000043       0x44 ./Drivers/STM32G4xx_HAL_Driver/Src/stm32g4xx_hal_dma.o
 .comment       0x00000043       0x44 ./Drivers/STM32G4xx_HAL_Driver/Src/stm32g4xx_hal_gpio.o
 .comment       0x00000043       0x44 ./Drivers/STM32G4xx_HAL_Driver/Src/stm32g4xx_hal_pwr_ex.o
 .comment       0x00000043       0x44 ./Drivers/STM32G4xx_HAL_Driver/Src/stm32g4xx_hal_rcc.o
 .comment       0x00000043       0x44 ./Drivers/STM32G4xx_HAL_Driver/Src/stm32g4xx_hal_rcc_ex.o
 .comment       0x00000043       0x44 ./Drivers/STM32G4xx_HAL_Driver/Src/stm32g4xx_hal_tim.o
 .comment       0x00000043       0x44 ./Drivers/STM32G4xx_HAL_Driver/Src/stm32g4xx_hal_tim_ex.o
 .comment       0x00000043       0x44 ./Drivers/STM32G4xx_HAL_Driver/Src/stm32g4xx_hal_uart.o
 .comment       0x00000043       0x44 ./Drivers/STM32G4xx_HAL_Driver/Src/stm32g4xx_hal_uart_ex.o

.debug_frame    0x00000000     0x4820
 .debug_frame   0x00000000       0x80 ./Core/Src/Ultrasonic.o
 .debug_frame   0x00000080       0x34 ./Core/Src/dma.o
 .debug_frame   0x000000b4       0x34 ./Core/Src/gpio.o
 .debug_frame   0x000000e8       0xcc ./Core/Src/kalman_filter.o
 .debug_frame   0x000001b4       0xb4 ./Core/Src/main.o
 .debug_frame   0x00000268       0x34 ./Core/Src/stm32g4xx_hal_msp.o
 .debug_frame   0x0000029c      0x190 ./Core/Src/stm32g4xx_it.o
 .debug_frame   0x0000042c       0x58 ./Core/Src/system_stm32g4xx.o
 .debug_frame   0x00000484      0x130 ./Core/Src/tim.o
 .debug_frame   0x000005b4       0x78 ./Core/Src/usart.o
 .debug_frame   0x0000062c      0x500 ./Drivers/STM32G4xx_HAL_Driver/Src/stm32g4xx_hal.o
 .debug_frame   0x00000b2c      0x4e8 ./Drivers/STM32G4xx_HAL_Driver/Src/stm32g4xx_hal_cortex.o
 .debug_frame   0x00001014      0x24c ./Drivers/STM32G4xx_HAL_Driver/Src/stm32g4xx_hal_dma.o
 .debug_frame   0x00001260      0x14c ./Drivers/STM32G4xx_HAL_Driver/Src/stm32g4xx_hal_gpio.o
 .debug_frame   0x000013ac      0x4fc ./Drivers/STM32G4xx_HAL_Driver/Src/stm32g4xx_hal_pwr_ex.o
 .debug_frame   0x000018a8      0x23c ./Drivers/STM32G4xx_HAL_Driver/Src/stm32g4xx_hal_rcc.o
 .debug_frame   0x00001ae4      0x2ac ./Drivers/STM32G4xx_HAL_Driver/Src/stm32g4xx_hal_rcc_ex.o
 .debug_frame   0x00001d90     0x1220 ./Drivers/STM32G4xx_HAL_Driver/Src/stm32g4xx_hal_tim.o
 .debug_frame   0x00002fb0      0xa70 ./Drivers/STM32G4xx_HAL_Driver/Src/stm32g4xx_hal_tim_ex.o
 .debug_frame   0x00003a20      0xa94 ./Drivers/STM32G4xx_HAL_Driver/Src/stm32g4xx_hal_uart.o
 .debug_frame   0x000044b4      0x2c0 ./Drivers/STM32G4xx_HAL_Driver/Src/stm32g4xx_hal_uart_ex.o
 .debug_frame   0x00004774       0x20 C:/ST/STM32CubeIDE_1.19.0/STM32CubeIDE/plugins/com.st.stm32cube.ide.mcu.externaltools.gnu-tools-for-stm32.13.3.rel1.win32_1.0.0.202411081344/tools/bin/../lib/gcc/arm-none-eabi/13.3.1/../../../../arm-none-eabi/lib/thumb/v7e-m+fp/hard\libc_nano.a(libc_a-memset.o)
 .debug_frame   0x00004794       0x2c C:/ST/STM32CubeIDE_1.19.0/STM32CubeIDE/plugins/com.st.stm32cube.ide.mcu.externaltools.gnu-tools-for-stm32.13.3.rel1.win32_1.0.0.202411081344/tools/bin/../lib/gcc/arm-none-eabi/13.3.1/../../../../arm-none-eabi/lib/thumb/v7e-m+fp/hard\libc_nano.a(libc_a-init.o)
 .debug_frame   0x000047c0       0x2c C:/ST/STM32CubeIDE_1.19.0/STM32CubeIDE/plugins/com.st.stm32cube.ide.mcu.externaltools.gnu-tools-for-stm32.13.3.rel1.win32_1.0.0.202411081344/tools/bin/../lib/gcc/arm-none-eabi/13.3.1/thumb/v7e-m+fp/hard\libgcc.a(_aeabi_uldivmod.o)
 .debug_frame   0x000047ec       0x34 C:/ST/STM32CubeIDE_1.19.0/STM32CubeIDE/plugins/com.st.stm32cube.ide.mcu.externaltools.gnu-tools-for-stm32.13.3.rel1.win32_1.0.0.202411081344/tools/bin/../lib/gcc/arm-none-eabi/13.3.1/thumb/v7e-m+fp/hard\libgcc.a(_udivmoddi4.o)

.debug_line_str
                0x00000000       0x76
 .debug_line_str
                0x00000000       0x76 ./Core/Startup/startup_stm32g474retx.o
